<html>
<body>
<pre>
<h1>µVision Build Log</h1>
<h2>Project:</h2>
C:\Users\WangATang\Documents\School\EE380L.6-Operating Systems\ValvanoWare\Lab2\WorkingLab2\RTOS.uvproj
Project File Date:  03/01/2013

<h2>Output:</h2>
Rebuild target 'RTOS811'
compiling user.c...
assembling osasm.s...
compiling os.c...
compiling ADC.c...
compiling UART2.c...
assembling StartupLab2.s...
compiling rit128x96x4.c...
assembling cr4_fft_64_stm32.s...
assembling PID_stm32.s...
compiling Output.c...
compiling Debug.c...
linking...
Program Size: Code=11846 RO-data=866 RW-data=184 ZI-data=5016  
"RTOS811.axf" - 0 Error(s), 0 Warning(s).
