ARM Linker, 4.1 [Build 894] [Evaluation]

==============================================================================

Section Cross References

    user.o(.text) refers to debug.o(.text) for Debug_Profile
    user.o(.text) refers to adc.o(.text) for ADC_In
    user.o(.text) refers to os.o(.text) for OS_Time
    user.o(.text) refers to rit128x96x4.o(.text) for oLED_Message
    user.o(.text) refers to uart2.o(.text) for OutCRLF
    user.o(.text) refers to cr4_fft_64_stm32.o(.text) for cr4_fft_64_stm32
    user.o(.text) refers to pid_stm32.o(.text) for PID_stm32
    user.o(.text) refers to user.o(.data) for Debug
    user.o(.text) refers to user.o(.bss) for x
    user.o(.text) refers to output.o(.text) for Output_Clear
    osasm.o(.text) refers to os.o(.data) for RunPt
    os.o(.text) refers to osasm.o(.text) for OS_DisableInterrupts
    os.o(.text) refers to sysctl.o(i.SysCtlClockSet) for SysCtlClockSet
    os.o(.text) refers to os.o(.bss) for Stacks
    os.o(.text) refers to os.o(.data) for RunPt
    adc.o(.text) refers to sysctl.o(i.SysCtlPeripheralEnable) for SysCtlPeripheralEnable
    adc.o(.text) refers to timer.o(i.TimerConfigure) for TimerConfigure
    adc.o(.text) refers to timer.o(i.TimerPrescaleSet) for TimerPrescaleSet
    adc.o(.text) refers to timer.o(i.TimerLoadSet) for TimerLoadSet
    adc.o(.text) refers to timer.o(i.TimerControlTrigger) for TimerControlTrigger
    adc.o(.text) refers to timer.o(i.TimerEnable) for TimerEnable
    adc.o(.text) refers to adc.o(i.ADCSequenceConfigure) for ADCSequenceConfigure
    adc.o(.text) refers to adc.o(i.ADCSequenceStepConfigure) for ADCSequenceStepConfigure
    adc.o(.text) refers to adc.o(i.ADCSequenceEnable) for ADCSequenceEnable
    adc.o(.text) refers to adc.o(i.ADCIntEnable) for ADCIntEnable
    adc.o(.text) refers to interrupt.o(i.IntPrioritySet) for IntPrioritySet
    adc.o(.text) refers to interrupt.o(i.IntEnable) for IntEnable
    adc.o(.text) refers to adc.o(i.ADCIntClear) for ADCIntClear
    adc.o(.text) refers to adc.o(i.ADCSequenceDataGet) for ADCSequenceDataGet
    adc.o(.text) refers to osasm.o(.text) for StartCritical
    adc.o(.text) refers to gpio.o(i.GPIOPinTypeADC) for GPIOPinTypeADC
    adc.o(.text) refers to adc.o(i.ADCProcessorTrigger) for ADCProcessorTrigger
    adc.o(.text) refers to adc.o(i.ADCIntStatus) for ADCIntStatus
    adc.o(.text) refers to adc.o(.bss) for ADCvalue
    adc.o(.text) refers to adc.o(.data) for ADCTask
    uart2.o(.text) refers to osasm.o(.text) for StartCritical
    uart2.o(.text) refers to startuplab2.o(.text) for EnableInterrupts
    uart2.o(.text) refers to uart2.o(.data) for RxGetI
    uart2.o(.text) refers to uart2.o(.bss) for RxFifo
    startuplab2.o(RESET) refers to startuplab2.o(STACK) for StackMem
    startuplab2.o(RESET) refers to osasm.o(.text) for SysTick_Handler
    startuplab2.o(RESET) refers to uart2.o(.text) for UART0_Handler
    startuplab2.o(RESET) refers to adc.o(.text) for ADC0_Handler
    startuplab2.o(RESET) refers to os.o(.text) for Timer2A_Handler
    startuplab2.o(RESET) refers to entry.o(.ARM.Collect$$$$00000000) for __main
    rit128x96x4.o(.text) refers to ssi.o(i.SSIBusy) for SSIBusy
    rit128x96x4.o(.text) refers to gpio.o(i.GPIOPinWrite) for GPIOPinWrite
    rit128x96x4.o(.text) refers to ssi.o(i.SSIDataPut) for SSIDataPut
    rit128x96x4.o(.text) refers to ssi.o(i.SSIDisable) for SSIDisable
    rit128x96x4.o(.text) refers to sysctl.o(i.SysCtlClockGet) for SysCtlClockGet
    rit128x96x4.o(.text) refers to ssi.o(i.SSIConfigSetExpClk) for SSIConfigSetExpClk
    rit128x96x4.o(.text) refers to gpio.o(i.GPIOPinTypeSSI) for GPIOPinTypeSSI
    rit128x96x4.o(.text) refers to gpio.o(i.GPIOPadConfigSet) for GPIOPadConfigSet
    rit128x96x4.o(.text) refers to ssi.o(i.SSIEnable) for SSIEnable
    rit128x96x4.o(.text) refers to ssi.o(i.SSIDataGetNonBlocking) for SSIDataGetNonBlocking
    rit128x96x4.o(.text) refers to gpio.o(i.GPIOPinTypeGPIOOutput) for GPIOPinTypeGPIOOutput
    rit128x96x4.o(.text) refers to sysctl.o(i.SysCtlPeripheralEnable) for SysCtlPeripheralEnable
    rit128x96x4.o(.text) refers to rit128x96x4.o(.data) for g_ulSSIFlags
    rit128x96x4.o(.text) refers to rit128x96x4.o(.constdata) for pucCommand1
    rit128x96x4.o(.text) refers to memcpya.o(.text) for __aeabi_memcpy4
    rit128x96x4.o(.text) refers to printf4.o(i.__0sprintf$4) for __2sprintf
    rit128x96x4.o(.text) refers to strcpy.o(.text) for strcpy
    rit128x96x4.o(.text) refers to strcat.o(.text) for strcat
    pid_stm32.o(.text) refers to user.o(.data) for IntTerm
    output.o(.text) refers to rit128x96x4.o(.text) for RIT128x96x4StringDraw
    output.o(.text) refers to output.o(.bss) for CharBuffer
    output.o(.text) refers to output.o(.data) for Color
    debug.o(.text) refers to debug.o(.data) for n
    debug.o(.text) refers to debug.o(.bss) for Debug_time
    adc.o(i.ADCIntRegister) refers to interrupt.o(i.IntRegister) for IntRegister
    adc.o(i.ADCIntRegister) refers to interrupt.o(i.IntEnable) for IntEnable
    adc.o(i.ADCIntUnregister) refers to interrupt.o(i.IntDisable) for IntDisable
    adc.o(i.ADCIntUnregister) refers to interrupt.o(i.IntUnregister) for IntUnregister
    adc.o(i.ADCSoftwareOversampleConfigure) refers to adc.o(.data) for .data
    adc.o(i.ADCSoftwareOversampleDataGet) refers to adc.o(.data) for .data
    adc.o(i.ADCSoftwareOversampleStepConfigure) refers to adc.o(.data) for .data
    gpio.o(i.GPIOPinConfigure) refers to gpio.o(.constdata) for .constdata
    gpio.o(i.GPIOPinTypeADC) refers to gpio.o(i.GPIODirModeSet) for GPIODirModeSet
    gpio.o(i.GPIOPinTypeADC) refers to gpio.o(i.GPIOPadConfigSet) for GPIOPadConfigSet
    gpio.o(i.GPIOPinTypeCAN) refers to gpio.o(i.GPIODirModeSet) for GPIODirModeSet
    gpio.o(i.GPIOPinTypeCAN) refers to gpio.o(i.GPIOPadConfigSet) for GPIOPadConfigSet
    gpio.o(i.GPIOPinTypeComparator) refers to gpio.o(i.GPIODirModeSet) for GPIODirModeSet
    gpio.o(i.GPIOPinTypeComparator) refers to gpio.o(i.GPIOPadConfigSet) for GPIOPadConfigSet
    gpio.o(i.GPIOPinTypeEPI) refers to gpio.o(i.GPIODirModeSet) for GPIODirModeSet
    gpio.o(i.GPIOPinTypeEPI) refers to gpio.o(i.GPIOPadConfigSet) for GPIOPadConfigSet
    gpio.o(i.GPIOPinTypeEthernetLED) refers to gpio.o(i.GPIODirModeSet) for GPIODirModeSet
    gpio.o(i.GPIOPinTypeEthernetLED) refers to gpio.o(i.GPIOPadConfigSet) for GPIOPadConfigSet
    gpio.o(i.GPIOPinTypeGPIOInput) refers to gpio.o(i.GPIODirModeSet) for GPIODirModeSet
    gpio.o(i.GPIOPinTypeGPIOInput) refers to gpio.o(i.GPIOPadConfigSet) for GPIOPadConfigSet
    gpio.o(i.GPIOPinTypeGPIOOutput) refers to gpio.o(i.GPIODirModeSet) for GPIODirModeSet
    gpio.o(i.GPIOPinTypeGPIOOutput) refers to gpio.o(i.GPIOPadConfigSet) for GPIOPadConfigSet
    gpio.o(i.GPIOPinTypeGPIOOutputOD) refers to gpio.o(i.GPIODirModeSet) for GPIODirModeSet
    gpio.o(i.GPIOPinTypeGPIOOutputOD) refers to gpio.o(i.GPIOPadConfigSet) for GPIOPadConfigSet
    gpio.o(i.GPIOPinTypeI2C) refers to gpio.o(i.GPIODirModeSet) for GPIODirModeSet
    gpio.o(i.GPIOPinTypeI2C) refers to gpio.o(i.GPIOPadConfigSet) for GPIOPadConfigSet
    gpio.o(i.GPIOPinTypeI2S) refers to gpio.o(i.GPIODirModeSet) for GPIODirModeSet
    gpio.o(i.GPIOPinTypeI2S) refers to gpio.o(i.GPIOPadConfigSet) for GPIOPadConfigSet
    gpio.o(i.GPIOPinTypePWM) refers to gpio.o(i.GPIODirModeSet) for GPIODirModeSet
    gpio.o(i.GPIOPinTypePWM) refers to gpio.o(i.GPIOPadConfigSet) for GPIOPadConfigSet
    gpio.o(i.GPIOPinTypeQEI) refers to gpio.o(i.GPIODirModeSet) for GPIODirModeSet
    gpio.o(i.GPIOPinTypeQEI) refers to gpio.o(i.GPIOPadConfigSet) for GPIOPadConfigSet
    gpio.o(i.GPIOPinTypeSSI) refers to gpio.o(i.GPIODirModeSet) for GPIODirModeSet
    gpio.o(i.GPIOPinTypeSSI) refers to gpio.o(i.GPIOPadConfigSet) for GPIOPadConfigSet
    gpio.o(i.GPIOPinTypeTimer) refers to gpio.o(i.GPIODirModeSet) for GPIODirModeSet
    gpio.o(i.GPIOPinTypeTimer) refers to gpio.o(i.GPIOPadConfigSet) for GPIOPadConfigSet
    gpio.o(i.GPIOPinTypeUART) refers to gpio.o(i.GPIODirModeSet) for GPIODirModeSet
    gpio.o(i.GPIOPinTypeUART) refers to gpio.o(i.GPIOPadConfigSet) for GPIOPadConfigSet
    gpio.o(i.GPIOPinTypeUSBAnalog) refers to gpio.o(i.GPIODirModeSet) for GPIODirModeSet
    gpio.o(i.GPIOPinTypeUSBAnalog) refers to gpio.o(i.GPIOPadConfigSet) for GPIOPadConfigSet
    gpio.o(i.GPIOPinTypeUSBDigital) refers to gpio.o(i.GPIODirModeSet) for GPIODirModeSet
    gpio.o(i.GPIOPinTypeUSBDigital) refers to gpio.o(i.GPIOPadConfigSet) for GPIOPadConfigSet
    gpio.o(i.GPIOPortIntRegister) refers to gpio.o(i.GPIOGetIntNumber) for GPIOGetIntNumber
    gpio.o(i.GPIOPortIntRegister) refers to interrupt.o(i.IntRegister) for IntRegister
    gpio.o(i.GPIOPortIntRegister) refers to interrupt.o(i.IntEnable) for IntEnable
    gpio.o(i.GPIOPortIntUnregister) refers to gpio.o(i.GPIOGetIntNumber) for GPIOGetIntNumber
    gpio.o(i.GPIOPortIntUnregister) refers to interrupt.o(i.IntDisable) for IntDisable
    gpio.o(i.GPIOPortIntUnregister) refers to interrupt.o(i.IntUnregister) for IntUnregister
    interrupt.o(i.IntMasterDisable) refers to cpu.o(.emb_text) for CPUcpsid
    interrupt.o(i.IntMasterEnable) refers to cpu.o(.emb_text) for CPUcpsie
    interrupt.o(i.IntPriorityGet) refers to interrupt.o(.constdata) for .constdata
    interrupt.o(i.IntPriorityGroupingGet) refers to interrupt.o(.constdata) for .constdata
    interrupt.o(i.IntPriorityGroupingSet) refers to interrupt.o(.constdata) for .constdata
    interrupt.o(i.IntPrioritySet) refers to interrupt.o(.constdata) for .constdata
    interrupt.o(i.IntRegister) refers to interrupt.o(vtable) for vtable
    interrupt.o(i.IntUnregister) refers to interrupt.o(i.IntDefaultHandler) for IntDefaultHandler
    interrupt.o(i.IntUnregister) refers to interrupt.o(vtable) for vtable
    ssi.o(i.SSIIntRegister) refers to interrupt.o(i.IntRegister) for IntRegister
    ssi.o(i.SSIIntRegister) refers to interrupt.o(i.IntEnable) for IntEnable
    ssi.o(i.SSIIntUnregister) refers to interrupt.o(i.IntDisable) for IntDisable
    ssi.o(i.SSIIntUnregister) refers to interrupt.o(i.IntUnregister) for IntUnregister
    sysctl.o(i.SysCtlClockGet) refers to sysctl.o(.constdata) for .constdata
    sysctl.o(i.SysCtlClockSet) refers to sysctl.o(.emb_text) for SysCtlDelay
    sysctl.o(i.SysCtlDeepSleep) refers to cpu.o(.emb_text) for CPUwfi
    sysctl.o(i.SysCtlI2SMClkSet) refers to sysctl.o(.constdata) for .constdata
    sysctl.o(i.SysCtlIntRegister) refers to interrupt.o(i.IntRegister) for IntRegister
    sysctl.o(i.SysCtlIntRegister) refers to interrupt.o(i.IntEnable) for IntEnable
    sysctl.o(i.SysCtlIntUnregister) refers to interrupt.o(i.IntDisable) for IntDisable
    sysctl.o(i.SysCtlIntUnregister) refers to interrupt.o(i.IntUnregister) for IntUnregister
    sysctl.o(i.SysCtlPeripheralDeepSleepDisable) refers to sysctl.o(.constdata) for .constdata
    sysctl.o(i.SysCtlPeripheralDeepSleepEnable) refers to sysctl.o(.constdata) for .constdata
    sysctl.o(i.SysCtlPeripheralDisable) refers to sysctl.o(.constdata) for .constdata
    sysctl.o(i.SysCtlPeripheralEnable) refers to sysctl.o(.constdata) for .constdata
    sysctl.o(i.SysCtlPeripheralPresent) refers to sysctl.o(.constdata) for .constdata
    sysctl.o(i.SysCtlPeripheralReset) refers to sysctl.o(.constdata) for .constdata
    sysctl.o(i.SysCtlPeripheralSleepDisable) refers to sysctl.o(.constdata) for .constdata
    sysctl.o(i.SysCtlPeripheralSleepEnable) refers to sysctl.o(.constdata) for .constdata
    sysctl.o(i.SysCtlSleep) refers to cpu.o(.emb_text) for CPUwfi
    timer.o(i.TimerIntRegister) refers to interrupt.o(i.IntRegister) for IntRegister
    timer.o(i.TimerIntRegister) refers to interrupt.o(i.IntEnable) for IntEnable
    timer.o(i.TimerIntUnregister) refers to interrupt.o(i.IntDisable) for IntDisable
    timer.o(i.TimerIntUnregister) refers to interrupt.o(i.IntUnregister) for IntUnregister
    timer.o(i.TimerQuiesce) refers to interrupt.o(i.IntDisable) for IntDisable
    timer.o(i.TimerQuiesce) refers to interrupt.o(i.IntUnregister) for IntUnregister
    entry.o(.ARM.Collect$$$$00000000) refers (Special) to entry7b.o(.ARM.Collect$$$$00000008) for _main_clock
    entry.o(.ARM.Collect$$$$00000000) refers (Special) to entry8.o(.ARM.Collect$$$$00000009) for _main_init
    entry.o(.ARM.Collect$$$$00000000) refers (Special) to entry5.o(.ARM.Collect$$$$00000004) for _main_scatterload
    entry.o(.ARM.Collect$$$$00000000) refers (Special) to entry2.o(.ARM.Collect$$$$00000001) for _main_stk
    printfb.o(i.__0fprintf$bare) refers to printfb.o(i._printf_core) for _printf_core
    printfb.o(i.__0fprintf$bare) refers to output.o(.text) for fputc
    printfb.o(i.__0printf$bare) refers to printfb.o(i._printf_core) for _printf_core
    printfb.o(i.__0printf$bare) refers to output.o(.text) for fputc
    printfb.o(i.__0printf$bare) refers to stdout.o(.data) for __stdout
    printfb.o(i.__0snprintf$bare) refers to printfb.o(i._printf_core) for _printf_core
    printfb.o(i.__0snprintf$bare) refers to printfb.o(i._snputc) for _snputc
    printfb.o(i.__0sprintf$bare) refers to printfb.o(i._printf_core) for _printf_core
    printfb.o(i.__0sprintf$bare) refers to printfb.o(i._sputc) for _sputc
    printfb.o(i.__0vfprintf$bare) refers to printfb.o(i._printf_core) for _printf_core
    printfb.o(i.__0vfprintf$bare) refers to output.o(.text) for fputc
    printfb.o(i.__0vprintf$bare) refers to printfb.o(i._printf_core) for _printf_core
    printfb.o(i.__0vprintf$bare) refers to output.o(.text) for fputc
    printfb.o(i.__0vprintf$bare) refers to stdout.o(.data) for __stdout
    printfb.o(i.__0vsnprintf$bare) refers to printfb.o(i._printf_core) for _printf_core
    printfb.o(i.__0vsnprintf$bare) refers to printfb.o(i._snputc) for _snputc
    printfb.o(i.__0vsprintf$bare) refers to printfb.o(i._printf_core) for _printf_core
    printfb.o(i.__0vsprintf$bare) refers to printfb.o(i._sputc) for _sputc
    printf0.o(i.__0fprintf$0) refers to printf0.o(i._printf_core) for _printf_core
    printf0.o(i.__0fprintf$0) refers to output.o(.text) for fputc
    printf0.o(i.__0printf$0) refers to printf0.o(i._printf_core) for _printf_core
    printf0.o(i.__0printf$0) refers to output.o(.text) for fputc
    printf0.o(i.__0printf$0) refers to stdout.o(.data) for __stdout
    printf0.o(i.__0snprintf$0) refers to printf0.o(i._printf_core) for _printf_core
    printf0.o(i.__0snprintf$0) refers to printf0.o(i._snputc) for _snputc
    printf0.o(i.__0sprintf$0) refers to printf0.o(i._printf_core) for _printf_core
    printf0.o(i.__0sprintf$0) refers to printf0.o(i._sputc) for _sputc
    printf0.o(i.__0vfprintf$0) refers to printf0.o(i._printf_core) for _printf_core
    printf0.o(i.__0vfprintf$0) refers to output.o(.text) for fputc
    printf0.o(i.__0vprintf$0) refers to printf0.o(i._printf_core) for _printf_core
    printf0.o(i.__0vprintf$0) refers to output.o(.text) for fputc
    printf0.o(i.__0vprintf$0) refers to stdout.o(.data) for __stdout
    printf0.o(i.__0vsnprintf$0) refers to printf0.o(i._printf_core) for _printf_core
    printf0.o(i.__0vsnprintf$0) refers to printf0.o(i._snputc) for _snputc
    printf0.o(i.__0vsprintf$0) refers to printf0.o(i._printf_core) for _printf_core
    printf0.o(i.__0vsprintf$0) refers to printf0.o(i._sputc) for _sputc
    printf1.o(i.__0fprintf$1) refers to printf1.o(i._printf_core) for _printf_core
    printf1.o(i.__0fprintf$1) refers to output.o(.text) for fputc
    printf1.o(i.__0printf$1) refers to printf1.o(i._printf_core) for _printf_core
    printf1.o(i.__0printf$1) refers to output.o(.text) for fputc
    printf1.o(i.__0printf$1) refers to stdout.o(.data) for __stdout
    printf1.o(i.__0snprintf$1) refers to printf1.o(i._printf_core) for _printf_core
    printf1.o(i.__0snprintf$1) refers to printf1.o(i._snputc) for _snputc
    printf1.o(i.__0sprintf$1) refers to printf1.o(i._printf_core) for _printf_core
    printf1.o(i.__0sprintf$1) refers to printf1.o(i._sputc) for _sputc
    printf1.o(i.__0vfprintf$1) refers to printf1.o(i._printf_core) for _printf_core
    printf1.o(i.__0vfprintf$1) refers to output.o(.text) for fputc
    printf1.o(i.__0vprintf$1) refers to printf1.o(i._printf_core) for _printf_core
    printf1.o(i.__0vprintf$1) refers to output.o(.text) for fputc
    printf1.o(i.__0vprintf$1) refers to stdout.o(.data) for __stdout
    printf1.o(i.__0vsnprintf$1) refers to printf1.o(i._printf_core) for _printf_core
    printf1.o(i.__0vsnprintf$1) refers to printf1.o(i._snputc) for _snputc
    printf1.o(i.__0vsprintf$1) refers to printf1.o(i._printf_core) for _printf_core
    printf1.o(i.__0vsprintf$1) refers to printf1.o(i._sputc) for _sputc
    printf1.o(i._printf_core) refers to uidiv.o(.text) for __aeabi_uidivmod
    printf2.o(i.__0fprintf$2) refers to printf2.o(i._printf_core) for _printf_core
    printf2.o(i.__0fprintf$2) refers to output.o(.text) for fputc
    printf2.o(i.__0printf$2) refers to printf2.o(i._printf_core) for _printf_core
    printf2.o(i.__0printf$2) refers to output.o(.text) for fputc
    printf2.o(i.__0printf$2) refers to stdout.o(.data) for __stdout
    printf2.o(i.__0snprintf$2) refers to printf2.o(i._printf_core) for _printf_core
    printf2.o(i.__0snprintf$2) refers to printf2.o(i._snputc) for _snputc
    printf2.o(i.__0sprintf$2) refers to printf2.o(i._printf_core) for _printf_core
    printf2.o(i.__0sprintf$2) refers to printf2.o(i._sputc) for _sputc
    printf2.o(i.__0vfprintf$2) refers to printf2.o(i._printf_core) for _printf_core
    printf2.o(i.__0vfprintf$2) refers to output.o(.text) for fputc
    printf2.o(i.__0vprintf$2) refers to printf2.o(i._printf_core) for _printf_core
    printf2.o(i.__0vprintf$2) refers to output.o(.text) for fputc
    printf2.o(i.__0vprintf$2) refers to stdout.o(.data) for __stdout
    printf2.o(i.__0vsnprintf$2) refers to printf2.o(i._printf_core) for _printf_core
    printf2.o(i.__0vsnprintf$2) refers to printf2.o(i._snputc) for _snputc
    printf2.o(i.__0vsprintf$2) refers to printf2.o(i._printf_core) for _printf_core
    printf2.o(i.__0vsprintf$2) refers to printf2.o(i._sputc) for _sputc
    printf3.o(i.__0fprintf$3) refers to printf3.o(i._printf_core) for _printf_core
    printf3.o(i.__0fprintf$3) refers to output.o(.text) for fputc
    printf3.o(i.__0printf$3) refers to printf3.o(i._printf_core) for _printf_core
    printf3.o(i.__0printf$3) refers to output.o(.text) for fputc
    printf3.o(i.__0printf$3) refers to stdout.o(.data) for __stdout
    printf3.o(i.__0snprintf$3) refers to printf3.o(i._printf_core) for _printf_core
    printf3.o(i.__0snprintf$3) refers to printf3.o(i._snputc) for _snputc
    printf3.o(i.__0sprintf$3) refers to printf3.o(i._printf_core) for _printf_core
    printf3.o(i.__0sprintf$3) refers to printf3.o(i._sputc) for _sputc
    printf3.o(i.__0vfprintf$3) refers to printf3.o(i._printf_core) for _printf_core
    printf3.o(i.__0vfprintf$3) refers to output.o(.text) for fputc
    printf3.o(i.__0vprintf$3) refers to printf3.o(i._printf_core) for _printf_core
    printf3.o(i.__0vprintf$3) refers to output.o(.text) for fputc
    printf3.o(i.__0vprintf$3) refers to stdout.o(.data) for __stdout
    printf3.o(i.__0vsnprintf$3) refers to printf3.o(i._printf_core) for _printf_core
    printf3.o(i.__0vsnprintf$3) refers to printf3.o(i._snputc) for _snputc
    printf3.o(i.__0vsprintf$3) refers to printf3.o(i._printf_core) for _printf_core
    printf3.o(i.__0vsprintf$3) refers to printf3.o(i._sputc) for _sputc
    printf3.o(i._printf_core) refers to uidiv.o(.text) for __aeabi_uidivmod
    printf4.o(i.__0fprintf$4) refers to printf4.o(i._printf_core) for _printf_core
    printf4.o(i.__0fprintf$4) refers to output.o(.text) for fputc
    printf4.o(i.__0printf$4) refers to printf4.o(i._printf_core) for _printf_core
    printf4.o(i.__0printf$4) refers to output.o(.text) for fputc
    printf4.o(i.__0printf$4) refers to stdout.o(.data) for __stdout
    printf4.o(i.__0snprintf$4) refers to printf4.o(i._printf_core) for _printf_core
    printf4.o(i.__0snprintf$4) refers to printf4.o(i._snputc) for _snputc
    printf4.o(i.__0sprintf$4) refers to printf4.o(i._printf_core) for _printf_core
    printf4.o(i.__0sprintf$4) refers to printf4.o(i._sputc) for _sputc
    printf4.o(i.__0vfprintf$4) refers to printf4.o(i._printf_core) for _printf_core
    printf4.o(i.__0vfprintf$4) refers to output.o(.text) for fputc
    printf4.o(i.__0vprintf$4) refers to printf4.o(i._printf_core) for _printf_core
    printf4.o(i.__0vprintf$4) refers to output.o(.text) for fputc
    printf4.o(i.__0vprintf$4) refers to stdout.o(.data) for __stdout
    printf4.o(i.__0vsnprintf$4) refers to printf4.o(i._printf_core) for _printf_core
    printf4.o(i.__0vsnprintf$4) refers to printf4.o(i._snputc) for _snputc
    printf4.o(i.__0vsprintf$4) refers to printf4.o(i._printf_core) for _printf_core
    printf4.o(i.__0vsprintf$4) refers to printf4.o(i._sputc) for _sputc
    printf4.o(i._printf_core) refers to uldiv.o(.text) for __aeabi_uldivmod
    printf5.o(i.__0fprintf$5) refers to printf5.o(i._printf_core) for _printf_core
    printf5.o(i.__0fprintf$5) refers to output.o(.text) for fputc
    printf5.o(i.__0printf$5) refers to printf5.o(i._printf_core) for _printf_core
    printf5.o(i.__0printf$5) refers to output.o(.text) for fputc
    printf5.o(i.__0printf$5) refers to stdout.o(.data) for __stdout
    printf5.o(i.__0snprintf$5) refers to printf5.o(i._printf_core) for _printf_core
    printf5.o(i.__0snprintf$5) refers to printf5.o(i._snputc) for _snputc
    printf5.o(i.__0sprintf$5) refers to printf5.o(i._printf_core) for _printf_core
    printf5.o(i.__0sprintf$5) refers to printf5.o(i._sputc) for _sputc
    printf5.o(i.__0vfprintf$5) refers to printf5.o(i._printf_core) for _printf_core
    printf5.o(i.__0vfprintf$5) refers to output.o(.text) for fputc
    printf5.o(i.__0vprintf$5) refers to printf5.o(i._printf_core) for _printf_core
    printf5.o(i.__0vprintf$5) refers to output.o(.text) for fputc
    printf5.o(i.__0vprintf$5) refers to stdout.o(.data) for __stdout
    printf5.o(i.__0vsnprintf$5) refers to printf5.o(i._printf_core) for _printf_core
    printf5.o(i.__0vsnprintf$5) refers to printf5.o(i._snputc) for _snputc
    printf5.o(i.__0vsprintf$5) refers to printf5.o(i._printf_core) for _printf_core
    printf5.o(i.__0vsprintf$5) refers to printf5.o(i._sputc) for _sputc
    printf5.o(i._printf_core) refers to uldiv.o(.text) for __aeabi_uldivmod
    printf6.o(i.__0fprintf$6) refers to printf6.o(i._printf_core) for _printf_core
    printf6.o(i.__0fprintf$6) refers to output.o(.text) for fputc
    printf6.o(i.__0printf$6) refers to printf6.o(i._printf_core) for _printf_core
    printf6.o(i.__0printf$6) refers to output.o(.text) for fputc
    printf6.o(i.__0printf$6) refers to stdout.o(.data) for __stdout
    printf6.o(i.__0snprintf$6) refers to printf6.o(i._printf_core) for _printf_core
    printf6.o(i.__0snprintf$6) refers to printf6.o(i._snputc) for _snputc
    printf6.o(i.__0sprintf$6) refers to printf6.o(i._printf_core) for _printf_core
    printf6.o(i.__0sprintf$6) refers to printf6.o(i._sputc) for _sputc
    printf6.o(i.__0vfprintf$6) refers to printf6.o(i._printf_core) for _printf_core
    printf6.o(i.__0vfprintf$6) refers to output.o(.text) for fputc
    printf6.o(i.__0vprintf$6) refers to printf6.o(i._printf_core) for _printf_core
    printf6.o(i.__0vprintf$6) refers to output.o(.text) for fputc
    printf6.o(i.__0vprintf$6) refers to stdout.o(.data) for __stdout
    printf6.o(i.__0vsnprintf$6) refers to printf6.o(i._printf_core) for _printf_core
    printf6.o(i.__0vsnprintf$6) refers to printf6.o(i._snputc) for _snputc
    printf6.o(i.__0vsprintf$6) refers to printf6.o(i._printf_core) for _printf_core
    printf6.o(i.__0vsprintf$6) refers to printf6.o(i._sputc) for _sputc
    printf6.o(i._printf_core) refers to printf6.o(i._printf_pre_padding) for _printf_pre_padding
    printf6.o(i._printf_core) refers to uidiv.o(.text) for __aeabi_uidivmod
    printf6.o(i._printf_core) refers to printf6.o(i._printf_post_padding) for _printf_post_padding
    printf7.o(i.__0fprintf$7) refers to printf7.o(i._printf_core) for _printf_core
    printf7.o(i.__0fprintf$7) refers to output.o(.text) for fputc
    printf7.o(i.__0printf$7) refers to printf7.o(i._printf_core) for _printf_core
    printf7.o(i.__0printf$7) refers to output.o(.text) for fputc
    printf7.o(i.__0printf$7) refers to stdout.o(.data) for __stdout
    printf7.o(i.__0snprintf$7) refers to printf7.o(i._printf_core) for _printf_core
    printf7.o(i.__0snprintf$7) refers to printf7.o(i._snputc) for _snputc
    printf7.o(i.__0sprintf$7) refers to printf7.o(i._printf_core) for _printf_core
    printf7.o(i.__0sprintf$7) refers to printf7.o(i._sputc) for _sputc
    printf7.o(i.__0vfprintf$7) refers to printf7.o(i._printf_core) for _printf_core
    printf7.o(i.__0vfprintf$7) refers to output.o(.text) for fputc
    printf7.o(i.__0vprintf$7) refers to printf7.o(i._printf_core) for _printf_core
    printf7.o(i.__0vprintf$7) refers to output.o(.text) for fputc
    printf7.o(i.__0vprintf$7) refers to stdout.o(.data) for __stdout
    printf7.o(i.__0vsnprintf$7) refers to printf7.o(i._printf_core) for _printf_core
    printf7.o(i.__0vsnprintf$7) refers to printf7.o(i._snputc) for _snputc
    printf7.o(i.__0vsprintf$7) refers to printf7.o(i._printf_core) for _printf_core
    printf7.o(i.__0vsprintf$7) refers to printf7.o(i._sputc) for _sputc
    printf7.o(i._printf_core) refers to printf7.o(i._printf_pre_padding) for _printf_pre_padding
    printf7.o(i._printf_core) refers to uldiv.o(.text) for __aeabi_uldivmod
    printf7.o(i._printf_core) refers to printf7.o(i._printf_post_padding) for _printf_post_padding
    printf8.o(i.__0fprintf$8) refers to printf8.o(i._printf_core) for _printf_core
    printf8.o(i.__0fprintf$8) refers to output.o(.text) for fputc
    printf8.o(i.__0printf$8) refers to printf8.o(i._printf_core) for _printf_core
    printf8.o(i.__0printf$8) refers to output.o(.text) for fputc
    printf8.o(i.__0printf$8) refers to stdout.o(.data) for __stdout
    printf8.o(i.__0snprintf$8) refers to printf8.o(i._printf_core) for _printf_core
    printf8.o(i.__0snprintf$8) refers to printf8.o(i._snputc) for _snputc
    printf8.o(i.__0sprintf$8) refers to printf8.o(i._printf_core) for _printf_core
    printf8.o(i.__0sprintf$8) refers to printf8.o(i._sputc) for _sputc
    printf8.o(i.__0vfprintf$8) refers to printf8.o(i._printf_core) for _printf_core
    printf8.o(i.__0vfprintf$8) refers to output.o(.text) for fputc
    printf8.o(i.__0vprintf$8) refers to printf8.o(i._printf_core) for _printf_core
    printf8.o(i.__0vprintf$8) refers to output.o(.text) for fputc
    printf8.o(i.__0vprintf$8) refers to stdout.o(.data) for __stdout
    printf8.o(i.__0vsnprintf$8) refers to printf8.o(i._printf_core) for _printf_core
    printf8.o(i.__0vsnprintf$8) refers to printf8.o(i._snputc) for _snputc
    printf8.o(i.__0vsprintf$8) refers to printf8.o(i._printf_core) for _printf_core
    printf8.o(i.__0vsprintf$8) refers to printf8.o(i._sputc) for _sputc
    printf8.o(i._printf_core) refers to printf8.o(i._printf_pre_padding) for _printf_pre_padding
    printf8.o(i._printf_core) refers to uldiv.o(.text) for __aeabi_uldivmod
    printf8.o(i._printf_core) refers to printf8.o(i._printf_post_padding) for _printf_post_padding
    printfa.o(i.__0fprintf) refers (Special) to iusefp.o(.text) for __I$use$fp
    printfa.o(i.__0fprintf) refers to printfa.o(i._printf_core) for _printf_core
    printfa.o(i.__0fprintf) refers to output.o(.text) for fputc
    printfa.o(i.__0printf) refers (Special) to iusefp.o(.text) for __I$use$fp
    printfa.o(i.__0printf) refers to printfa.o(i._printf_core) for _printf_core
    printfa.o(i.__0printf) refers to output.o(.text) for fputc
    printfa.o(i.__0printf) refers to stdout.o(.data) for __stdout
    printfa.o(i.__0snprintf) refers (Special) to iusefp.o(.text) for __I$use$fp
    printfa.o(i.__0snprintf) refers to printfa.o(i._printf_core) for _printf_core
    printfa.o(i.__0snprintf) refers to printfa.o(i._snputc) for _snputc
    printfa.o(i.__0sprintf) refers (Special) to iusefp.o(.text) for __I$use$fp
    printfa.o(i.__0sprintf) refers to printfa.o(i._printf_core) for _printf_core
    printfa.o(i.__0sprintf) refers to printfa.o(i._sputc) for _sputc
    printfa.o(i.__0vfprintf) refers (Special) to iusefp.o(.text) for __I$use$fp
    printfa.o(i.__0vfprintf) refers to printfa.o(i._printf_core) for _printf_core
    printfa.o(i.__0vfprintf) refers to output.o(.text) for fputc
    printfa.o(i.__0vprintf) refers (Special) to iusefp.o(.text) for __I$use$fp
    printfa.o(i.__0vprintf) refers to printfa.o(i._printf_core) for _printf_core
    printfa.o(i.__0vprintf) refers to output.o(.text) for fputc
    printfa.o(i.__0vprintf) refers to stdout.o(.data) for __stdout
    printfa.o(i.__0vsnprintf) refers (Special) to iusefp.o(.text) for __I$use$fp
    printfa.o(i.__0vsnprintf) refers to printfa.o(i._printf_core) for _printf_core
    printfa.o(i.__0vsnprintf) refers to printfa.o(i._snputc) for _snputc
    printfa.o(i.__0vsprintf) refers (Special) to iusefp.o(.text) for __I$use$fp
    printfa.o(i.__0vsprintf) refers to printfa.o(i._printf_core) for _printf_core
    printfa.o(i.__0vsprintf) refers to printfa.o(i._sputc) for _sputc
    printfa.o(i._fp_digits) refers (Special) to iusefp.o(.text) for __I$use$fp
    printfa.o(i._fp_digits) refers to dmul.o(.text) for __aeabi_dmul
    printfa.o(i._fp_digits) refers to ddiv.o(.text) for __aeabi_ddiv
    printfa.o(i._fp_digits) refers to cdrcmple.o(.text) for __aeabi_cdrcmple
    printfa.o(i._fp_digits) refers to dadd.o(.text) for __aeabi_dadd
    printfa.o(i._fp_digits) refers to dfixul.o(.text) for __aeabi_d2ulz
    printfa.o(i._fp_digits) refers to uldiv.o(.text) for __aeabi_uldivmod
    printfa.o(i._printf_core) refers (Special) to iusefp.o(.text) for __I$use$fp
    printfa.o(i._printf_core) refers to printfa.o(i._printf_pre_padding) for _printf_pre_padding
    printfa.o(i._printf_core) refers to uldiv.o(.text) for __aeabi_uldivmod
    printfa.o(i._printf_core) refers to printfa.o(i._printf_post_padding) for _printf_post_padding
    printfa.o(i._printf_core) refers to printfa.o(i._fp_digits) for _fp_digits
    printfa.o(i._printf_core) refers to uidiv.o(.text) for __aeabi_uidivmod
    printfa.o(i._printf_post_padding) refers (Special) to iusefp.o(.text) for __I$use$fp
    printfa.o(i._printf_pre_padding) refers (Special) to iusefp.o(.text) for __I$use$fp
    printfa.o(i._snputc) refers (Special) to iusefp.o(.text) for __I$use$fp
    printfa.o(i._sputc) refers (Special) to iusefp.o(.text) for __I$use$fp
    entry2.o(.ARM.Collect$$$$00000001) refers to entry2.o(.ARM.Collect$$$$00002712) for __lit__00000000
    entry2.o(.ARM.Collect$$$$00002712) refers to startuplab2.o(STACK) for __initial_sp
    entry2.o(__vectab_stack_and_reset_area) refers to startuplab2.o(STACK) for __initial_sp
    entry2.o(__vectab_stack_and_reset_area) refers to entry.o(.ARM.Collect$$$$00000000) for __main
    entry5.o(.ARM.Collect$$$$00000004) refers to init.o(.text) for __scatterload
    entry8.o(.ARM.Collect$$$$00000009) refers to user.o(.text) for main
    uldiv.o(.text) refers to llushr.o(.text) for __aeabi_llsr
    uldiv.o(.text) refers to llshl.o(.text) for __aeabi_llsl
    dadd.o(.text) refers to llshl.o(.text) for __aeabi_llsl
    dadd.o(.text) refers to llsshr.o(.text) for __aeabi_lasr
    dadd.o(.text) refers to depilogue.o(.text) for _double_epilogue
    dmul.o(.text) refers to depilogue.o(.text) for _double_epilogue
    ddiv.o(.text) refers to depilogue.o(.text) for _double_round
    dfixul.o(.text) refers to llushr.o(.text) for __aeabi_llsr
    dfixul.o(.text) refers to llshl.o(.text) for __aeabi_llsl
    init.o(.text) refers to entry5.o(.ARM.Collect$$$$00000004) for __main_after_scatterload
    depilogue.o(.text) refers to llshl.o(.text) for __aeabi_llsl
    depilogue.o(.text) refers to llushr.o(.text) for __aeabi_llsr


==============================================================================

Removing Unused input sections from the image.

    Removing user.o(.constdata), (4 bytes).
    Removing startuplab2.o(HEAP), (0 bytes).
    Removing adc.o(i.ADCComparatorConfigure), (10 bytes).
    Removing adc.o(i.ADCComparatorIntClear), (4 bytes).
    Removing adc.o(i.ADCComparatorIntDisable), (18 bytes).
    Removing adc.o(i.ADCComparatorIntEnable), (16 bytes).
    Removing adc.o(i.ADCComparatorIntStatus), (4 bytes).
    Removing adc.o(i.ADCComparatorRegionSet), (14 bytes).
    Removing adc.o(i.ADCComparatorReset), (40 bytes).
    Removing adc.o(i.ADCHardwareOversampleConfigure), (14 bytes).
    Removing adc.o(i.ADCIntDisable), (16 bytes).
    Removing adc.o(i.ADCIntRegister), (38 bytes).
    Removing adc.o(i.ADCIntUnregister), (36 bytes).
    Removing adc.o(i.ADCPhaseDelayGet), (4 bytes).
    Removing adc.o(i.ADCPhaseDelaySet), (4 bytes).
    Removing adc.o(i.ADCReferenceGet), (8 bytes).
    Removing adc.o(i.ADCReferenceSet), (12 bytes).
    Removing adc.o(i.ADCSequenceDisable), (16 bytes).
    Removing adc.o(i.ADCSequenceOverflow), (12 bytes).
    Removing adc.o(i.ADCSequenceOverflowClear), (10 bytes).
    Removing adc.o(i.ADCSequenceUnderflow), (12 bytes).
    Removing adc.o(i.ADCSequenceUnderflowClear), (10 bytes).
    Removing adc.o(i.ADCSoftwareOversampleConfigure), (24 bytes).
    Removing adc.o(i.ADCSoftwareOversampleDataGet), (72 bytes).
    Removing adc.o(i.ADCSoftwareOversampleStepConfigure), (112 bytes).
    Removing adc.o(.data), (3 bytes).
    Removing gpio.o(i.GPIODirModeGet), (34 bytes).
    Removing gpio.o(i.GPIOGetIntNumber), (156 bytes).
    Removing gpio.o(i.GPIOIntTypeGet), (48 bytes).
    Removing gpio.o(i.GPIOIntTypeSet), (58 bytes).
    Removing gpio.o(i.GPIOPadConfigGet), (140 bytes).
    Removing gpio.o(i.GPIOPinConfigure), (72 bytes).
    Removing gpio.o(i.GPIOPinIntClear), (6 bytes).
    Removing gpio.o(i.GPIOPinIntDisable), (14 bytes).
    Removing gpio.o(i.GPIOPinIntEnable), (12 bytes).
    Removing gpio.o(i.GPIOPinIntStatus), (14 bytes).
    Removing gpio.o(i.GPIOPinRead), (6 bytes).
    Removing gpio.o(i.GPIOPinTypeCAN), (28 bytes).
    Removing gpio.o(i.GPIOPinTypeComparator), (28 bytes).
    Removing gpio.o(i.GPIOPinTypeEPI), (28 bytes).
    Removing gpio.o(i.GPIOPinTypeEthernetLED), (28 bytes).
    Removing gpio.o(i.GPIOPinTypeGPIOInput), (28 bytes).
    Removing gpio.o(i.GPIOPinTypeGPIOOutputOD), (28 bytes).
    Removing gpio.o(i.GPIOPinTypeI2C), (28 bytes).
    Removing gpio.o(i.GPIOPinTypeI2S), (28 bytes).
    Removing gpio.o(i.GPIOPinTypePWM), (28 bytes).
    Removing gpio.o(i.GPIOPinTypeQEI), (28 bytes).
    Removing gpio.o(i.GPIOPinTypeTimer), (28 bytes).
    Removing gpio.o(i.GPIOPinTypeUART), (28 bytes).
    Removing gpio.o(i.GPIOPinTypeUSBAnalog), (28 bytes).
    Removing gpio.o(i.GPIOPinTypeUSBDigital), (28 bytes).
    Removing gpio.o(i.GPIOPortIntRegister), (26 bytes).
    Removing gpio.o(i.GPIOPortIntUnregister), (22 bytes).
    Removing gpio.o(.constdata), (72 bytes).
    Removing interrupt.o(i.IntDefaultHandler), (2 bytes).
    Removing interrupt.o(i.IntDisable), (104 bytes).
    Removing interrupt.o(i.IntMasterDisable), (10 bytes).
    Removing interrupt.o(i.IntMasterEnable), (10 bytes).
    Removing interrupt.o(i.IntPendClear), (72 bytes).
    Removing interrupt.o(i.IntPendSet), (90 bytes).
    Removing interrupt.o(i.IntPriorityGet), (28 bytes).
    Removing interrupt.o(i.IntPriorityGroupingGet), (40 bytes).
    Removing interrupt.o(i.IntPriorityGroupingSet), (28 bytes).
    Removing interrupt.o(i.IntRegister), (56 bytes).
    Removing interrupt.o(i.IntUnregister), (20 bytes).
    Removing interrupt.o(vtable), (284 bytes).
    Removing ssi.o(i.SSIDMADisable), (10 bytes).
    Removing ssi.o(i.SSIDMAEnable), (8 bytes).
    Removing ssi.o(i.SSIDataGet), (14 bytes).
    Removing ssi.o(i.SSIDataPutNonBlocking), (16 bytes).
    Removing ssi.o(i.SSIIntClear), (4 bytes).
    Removing ssi.o(i.SSIIntDisable), (10 bytes).
    Removing ssi.o(i.SSIIntEnable), (8 bytes).
    Removing ssi.o(i.SSIIntRegister), (32 bytes).
    Removing ssi.o(i.SSIIntStatus), (10 bytes).
    Removing ssi.o(i.SSIIntUnregister), (32 bytes).
    Removing sysctl.o(i.SysCtlADCSpeedGet), (16 bytes).
    Removing sysctl.o(i.SysCtlADCSpeedSet), (32 bytes).
    Removing sysctl.o(i.SysCtlBrownOutConfigSet), (16 bytes).
    Removing sysctl.o(i.SysCtlClkVerificationClear), (20 bytes).
    Removing sysctl.o(i.SysCtlDeepSleep), (32 bytes).
    Removing sysctl.o(i.SysCtlFlashSizeGet), (20 bytes).
    Removing sysctl.o(i.SysCtlGPIOAHBDisable), (20 bytes).
    Removing sysctl.o(i.SysCtlGPIOAHBEnable), (16 bytes).
    Removing sysctl.o(i.SysCtlI2SMClkSet), (216 bytes).
    Removing sysctl.o(i.SysCtlIOSCVerificationSet), (24 bytes).
    Removing sysctl.o(i.SysCtlIntClear), (12 bytes).
    Removing sysctl.o(i.SysCtlIntDisable), (16 bytes).
    Removing sysctl.o(i.SysCtlIntEnable), (16 bytes).
    Removing sysctl.o(i.SysCtlIntRegister), (20 bytes).
    Removing sysctl.o(i.SysCtlIntStatus), (16 bytes).
    Removing sysctl.o(i.SysCtlIntUnregister), (18 bytes).
    Removing sysctl.o(i.SysCtlLDOConfigSet), (12 bytes).
    Removing sysctl.o(i.SysCtlLDOGet), (12 bytes).
    Removing sysctl.o(i.SysCtlLDOSet), (12 bytes).
    Removing sysctl.o(i.SysCtlMOSCVerificationSet), (24 bytes).
    Removing sysctl.o(i.SysCtlPLLVerificationSet), (24 bytes).
    Removing sysctl.o(i.SysCtlPWMClockGet), (24 bytes).
    Removing sysctl.o(i.SysCtlPWMClockSet), (20 bytes).
    Removing sysctl.o(i.SysCtlPeripheralClockGating), (24 bytes).
    Removing sysctl.o(i.SysCtlPeripheralDeepSleepDisable), (32 bytes).
    Removing sysctl.o(i.SysCtlPeripheralDeepSleepEnable), (32 bytes).
    Removing sysctl.o(i.SysCtlPeripheralDisable), (32 bytes).
    Removing sysctl.o(i.SysCtlPeripheralPresent), (64 bytes).
    Removing sysctl.o(i.SysCtlPeripheralReset), (56 bytes).
    Removing sysctl.o(i.SysCtlPeripheralSleepDisable), (32 bytes).
    Removing sysctl.o(i.SysCtlPeripheralSleepEnable), (32 bytes).
    Removing sysctl.o(i.SysCtlPinPresent), (16 bytes).
    Removing sysctl.o(i.SysCtlReset), (16 bytes).
    Removing sysctl.o(i.SysCtlResetCauseClear), (16 bytes).
    Removing sysctl.o(i.SysCtlResetCauseGet), (12 bytes).
    Removing sysctl.o(i.SysCtlSRAMSizeGet), (20 bytes).
    Removing sysctl.o(i.SysCtlSleep), (4 bytes).
    Removing sysctl.o(i.SysCtlUSBPLLDisable), (16 bytes).
    Removing sysctl.o(i.SysCtlUSBPLLEnable), (16 bytes).
    Removing timer.o(i.TimerControlEvent), (24 bytes).
    Removing timer.o(i.TimerControlLevel), (22 bytes).
    Removing timer.o(i.TimerControlStall), (22 bytes).
    Removing timer.o(i.TimerControlWaitOnTrigger), (48 bytes).
    Removing timer.o(i.TimerDisable), (16 bytes).
    Removing timer.o(i.TimerIntClear), (4 bytes).
    Removing timer.o(i.TimerIntDisable), (10 bytes).
    Removing timer.o(i.TimerIntEnable), (8 bytes).
    Removing timer.o(i.TimerIntRegister), (94 bytes).
    Removing timer.o(i.TimerIntStatus), (10 bytes).
    Removing timer.o(i.TimerIntUnregister), (88 bytes).
    Removing timer.o(i.TimerLoadGet), (10 bytes).
    Removing timer.o(i.TimerMatchGet), (10 bytes).
    Removing timer.o(i.TimerMatchSet), (18 bytes).
    Removing timer.o(i.TimerPrescaleGet), (10 bytes).
    Removing timer.o(i.TimerPrescaleMatchGet), (10 bytes).
    Removing timer.o(i.TimerPrescaleMatchSet), (18 bytes).
    Removing timer.o(i.TimerQuiesce), (126 bytes).
    Removing timer.o(i.TimerRTCDisable), (10 bytes).
    Removing timer.o(i.TimerRTCEnable), (10 bytes).
    Removing timer.o(i.TimerValueGet), (10 bytes).
    Removing cpu.o(.emb_text), (26 bytes).
    Removing dadd.o(.text), (332 bytes).
    Removing dmul.o(.text), (224 bytes).
    Removing ddiv.o(.text), (222 bytes).
    Removing dfixul.o(.text), (48 bytes).
    Removing cdrcmple.o(.text), (40 bytes).
    Removing depilogue.o(.text), (190 bytes).

143 unused section(s) (total 5191 bytes) removed from the image.

==============================================================================

Image Symbol Table

    Local Symbols

    Symbol Name                              Value     Ov Type        Size  Object(Section)

    RESET                                    0x00000000   Section      280  startuplab2.o(RESET)
    ../../microlib/division.c                0x00000000   Number         0  uldiv.o ABSOLUTE
    ../../microlib/division.c                0x00000000   Number         0  uidiv.o ABSOLUTE
    ../../microlib/fpadd.c                   0x00000000   Number         0  dadd.o ABSOLUTE
    ../../microlib/fpdiv.c                   0x00000000   Number         0  ddiv.o ABSOLUTE
    ../../microlib/fpepilogue.c              0x00000000   Number         0  depilogue.o ABSOLUTE
    ../../microlib/fpfix.c                   0x00000000   Number         0  dfixul.o ABSOLUTE
    ../../microlib/fpmul.c                   0x00000000   Number         0  dmul.o ABSOLUTE
    ../../microlib/init/entry.s              0x00000000   Number         0  entry5.o ABSOLUTE
    ../../microlib/init/entry.s              0x00000000   Number         0  entry8.o ABSOLUTE
    ../../microlib/init/entry.s              0x00000000   Number         0  entry7a.o ABSOLUTE
    ../../microlib/init/entry.s              0x00000000   Number         0  entry7b.o ABSOLUTE
    ../../microlib/init/entry.s              0x00000000   Number         0  entry.o ABSOLUTE
    ../../microlib/init/entry.s              0x00000000   Number         0  entry2.o ABSOLUTE
    ../../microlib/longlong.c                0x00000000   Number         0  llsshr.o ABSOLUTE
    ../../microlib/longlong.c                0x00000000   Number         0  llushr.o ABSOLUTE
    ../../microlib/longlong.c                0x00000000   Number         0  llshl.o ABSOLUTE
    ../../microlib/printf/printf.c           0x00000000   Number         0  printf0.o ABSOLUTE
    ../../microlib/printf/printf.c           0x00000000   Number         0  printf5.o ABSOLUTE
    ../../microlib/printf/printf.c           0x00000000   Number         0  printf6.o ABSOLUTE
    ../../microlib/printf/printf.c           0x00000000   Number         0  printf1.o ABSOLUTE
    ../../microlib/printf/printf.c           0x00000000   Number         0  printf2.o ABSOLUTE
    ../../microlib/printf/printf.c           0x00000000   Number         0  printf8.o ABSOLUTE
    ../../microlib/printf/printf.c           0x00000000   Number         0  printf7.o ABSOLUTE
    ../../microlib/printf/printf.c           0x00000000   Number         0  printfa.o ABSOLUTE
    ../../microlib/printf/printf.c           0x00000000   Number         0  printfb.o ABSOLUTE
    ../../microlib/printf/printf.c           0x00000000   Number         0  printf3.o ABSOLUTE
    ../../microlib/printf/printf.c           0x00000000   Number         0  printf4.o ABSOLUTE
    ../../microlib/printf/stubs.s            0x00000000   Number         0  stubs.o ABSOLUTE
    ../../microlib/stdio/streams.c           0x00000000   Number         0  stdout.o ABSOLUTE
    ../../microlib/string/memcpy.c           0x00000000   Number         0  memcpyb.o ABSOLUTE
    ../../microlib/string/memcpy.c           0x00000000   Number         0  memcpya.o ABSOLUTE
    ../../microlib/string/strcat.c           0x00000000   Number         0  strcat.o ABSOLUTE
    ../../microlib/string/strcpy.c           0x00000000   Number         0  strcpy.o ABSOLUTE
    ../../microlib/stubs.s                   0x00000000   Number         0  iusefp.o ABSOLUTE
    ..\PID_stm32.s                           0x00000000   Number         0  pid_stm32.o ABSOLUTE
    ..\cr4_fft_64_stm32.s                    0x00000000   Number         0  cr4_fft_64_stm32.o ABSOLUTE
    ADC.c                                    0x00000000   Number         0  adc.o ABSOLUTE
    Debug.c                                  0x00000000   Number         0  debug.o ABSOLUTE
    Output.c                                 0x00000000   Number         0  output.o ABSOLUTE
    StartupLab2.s                            0x00000000   Number         0  startuplab2.o ABSOLUTE
    UART2.c                                  0x00000000   Number         0  uart2.o ABSOLUTE
    adc.c                                    0x00000000   Number         0  adc.o ABSOLUTE
    cdrcmple.s                               0x00000000   Number         0  cdrcmple.o ABSOLUTE
    cpu.c                                    0x00000000   Number         0  cpu.o ABSOLUTE
    cpu.c                                    0x00000000   Number         0  cpu.o ABSOLUTE
    dc.s                                     0x00000000   Number         0  dc.o ABSOLUTE
    gpio.c                                   0x00000000   Number         0  gpio.o ABSOLUTE
    handlers.s                               0x00000000   Number         0  handlers.o ABSOLUTE
    init.s                                   0x00000000   Number         0  init.o ABSOLUTE
    interrupt.c                              0x00000000   Number         0  interrupt.o ABSOLUTE
    os.c                                     0x00000000   Number         0  os.o ABSOLUTE
    osasm.s                                  0x00000000   Number         0  osasm.o ABSOLUTE
    rit128x96x4.c                            0x00000000   Number         0  rit128x96x4.o ABSOLUTE
    ssi.c                                    0x00000000   Number         0  ssi.o ABSOLUTE
    sysctl.c                                 0x00000000   Number         0  sysctl.o ABSOLUTE
    sysctl.c                                 0x00000000   Number         0  sysctl.o ABSOLUTE
    timer.c                                  0x00000000   Number         0  timer.o ABSOLUTE
    user.c                                   0x00000000   Number         0  user.o ABSOLUTE
    .ARM.Collect$$$$00000000                 0x00000118   Section        0  entry.o(.ARM.Collect$$$$00000000)
    .ARM.Collect$$$$00000001                 0x00000118   Section        4  entry2.o(.ARM.Collect$$$$00000001)
    .ARM.Collect$$$$00000004                 0x0000011c   Section        4  entry5.o(.ARM.Collect$$$$00000004)
    .ARM.Collect$$$$00000008                 0x00000120   Section        0  entry7b.o(.ARM.Collect$$$$00000008)
    .ARM.Collect$$$$00000009                 0x00000120   Section        8  entry8.o(.ARM.Collect$$$$00000009)
    .ARM.Collect$$$$00002712                 0x00000128   Section        4  entry2.o(.ARM.Collect$$$$00002712)
    __lit__00000000                          0x00000128   Data           4  entry2.o(.ARM.Collect$$$$00002712)
    .emb_text                                0x0000012c   Section        6  sysctl.o(.emb_text)
    .text                                    0x00000134   Section        0  user.o(.text)
    .text                                    0x000008dc   Section       88  osasm.o(.text)
    .text                                    0x00000934   Section        0  os.o(.text)
    .text                                    0x00001140   Section        0  adc.o(.text)
    .text                                    0x00001364   Section        0  uart2.o(.text)
    copySoftwareToHardware                   0x00001519   Thumb Code    38  uart2.o(.text)
    copyHardwareToSoftware                   0x0000157d   Thumb Code    36  uart2.o(.text)
    .text                                    0x000017a8   Section       12  startuplab2.o(.text)
    .text                                    0x000017b4   Section        0  rit128x96x4.o(.text)
    RITWriteCommand                          0x000017b5   Thumb Code   126  rit128x96x4.o(.text)
    RITWriteData                             0x00001833   Thumb Code   126  rit128x96x4.o(.text)
    .text                                    0x00001c64   Section      718  cr4_fft_64_stm32.o(.text)
    .text                                    0x00001f34   Section       72  pid_stm32.o(.text)
    .text                                    0x00001f7c   Section        0  output.o(.text)
    .text                                    0x00002358   Section        0  debug.o(.text)
    .text                                    0x00002390   Section        0  memcpya.o(.text)
    .text                                    0x000023b4   Section        0  strcat.o(.text)
    .text                                    0x000023d0   Section        0  strcpy.o(.text)
    .text                                    0x000023e2   Section        0  uldiv.o(.text)
    .text                                    0x00002444   Section       36  init.o(.text)
    .text                                    0x00002468   Section        0  llshl.o(.text)
    .text                                    0x00002486   Section        0  llushr.o(.text)
    i.ADCIntClear                            0x000024a6   Section        0  adc.o(i.ADCIntClear)
    i.ADCIntEnable                           0x000024b0   Section        0  adc.o(i.ADCIntEnable)
    i.ADCIntStatus                           0x000024c0   Section        0  adc.o(i.ADCIntStatus)
    i.ADCProcessorTrigger                    0x000024f4   Section        0  adc.o(i.ADCProcessorTrigger)
    i.ADCSequenceConfigure                   0x0000250e   Section        0  adc.o(i.ADCSequenceConfigure)
    i.ADCSequenceDataGet                     0x00002540   Section        0  adc.o(i.ADCSequenceDataGet)
    i.ADCSequenceEnable                      0x00002564   Section        0  adc.o(i.ADCSequenceEnable)
    i.ADCSequenceStepConfigure               0x00002572   Section        0  adc.o(i.ADCSequenceStepConfigure)
    i.GPIODirModeSet                         0x000025e0   Section        0  gpio.o(i.GPIODirModeSet)
    i.GPIOPadConfigSet                       0x00002608   Section        0  gpio.o(i.GPIOPadConfigSet)
    i.GPIOPinTypeADC                         0x000026b8   Section        0  gpio.o(i.GPIOPinTypeADC)
    i.GPIOPinTypeGPIOOutput                  0x000026d4   Section        0  gpio.o(i.GPIOPinTypeGPIOOutput)
    i.GPIOPinTypeSSI                         0x000026f0   Section        0  gpio.o(i.GPIOPinTypeSSI)
    i.GPIOPinWrite                           0x0000270c   Section        0  gpio.o(i.GPIOPinWrite)
    i.IntEnable                              0x00002712   Section        0  interrupt.o(i.IntEnable)
    i.IntPrioritySet                         0x0000277c   Section        0  interrupt.o(i.IntPrioritySet)
    i.SSIBusy                                0x000027a4   Section        0  ssi.o(i.SSIBusy)
    i.SSIConfigSetExpClk                     0x000027ac   Section        0  ssi.o(i.SSIConfigSetExpClk)
    i.SSIDataGetNonBlocking                  0x000027f8   Section        0  ssi.o(i.SSIDataGetNonBlocking)
    i.SSIDataPut                             0x0000280a   Section        0  ssi.o(i.SSIDataPut)
    i.SSIDisable                             0x00002816   Section        0  ssi.o(i.SSIDisable)
    i.SSIEnable                              0x00002820   Section        0  ssi.o(i.SSIEnable)
    i.SysCtlClockGet                         0x0000282c   Section        0  sysctl.o(i.SysCtlClockGet)
    i.SysCtlClockSet                         0x00002a10   Section        0  sysctl.o(i.SysCtlClockSet)
    i.SysCtlPeripheralEnable                 0x00002b48   Section        0  sysctl.o(i.SysCtlPeripheralEnable)
    i.TimerConfigure                         0x00002b68   Section        0  timer.o(i.TimerConfigure)
    i.TimerControlTrigger                    0x00002b84   Section        0  timer.o(i.TimerControlTrigger)
    i.TimerEnable                            0x00002b9a   Section        0  timer.o(i.TimerEnable)
    i.TimerLoadSet                           0x00002ba8   Section        0  timer.o(i.TimerLoadSet)
    i.TimerPrescaleSet                       0x00002bba   Section        0  timer.o(i.TimerPrescaleSet)
    i.__0sprintf$4                           0x00002bcc   Section        0  printf4.o(i.__0sprintf$4)
    i.__scatterload_copy                     0x00002bf4   Section       14  handlers.o(i.__scatterload_copy)
    i.__scatterload_null                     0x00002c02   Section        2  handlers.o(i.__scatterload_null)
    i.__scatterload_zeroinit                 0x00002c04   Section       14  handlers.o(i.__scatterload_zeroinit)
    i._printf_core                           0x00002c14   Section        0  printf4.o(i._printf_core)
    _printf_core                             0x00002c15   Thumb Code   546  printf4.o(i._printf_core)
    i._sputc                                 0x00002e3c   Section        0  printf4.o(i._sputc)
    _sputc                                   0x00002e3d   Thumb Code    10  printf4.o(i._sputc)
    .constdata                               0x00002e46   Section      571  rit128x96x4.o(.constdata)
    g_pucRIT128x96x4VerticalInc              0x00002e46   Data           2  rit128x96x4.o(.constdata)
    g_pucRIT128x96x4HorizontalInc            0x00002e48   Data           2  rit128x96x4.o(.constdata)
    g_pucFont                                0x00002e4a   Data         480  rit128x96x4.o(.constdata)
    g_pucRIT128x96x4Init                     0x0000302a   Data          79  rit128x96x4.o(.constdata)
    pucCommand1                              0x00003079   Data           3  rit128x96x4.o(.constdata)
    pucCommand2                              0x0000307c   Data           3  rit128x96x4.o(.constdata)
    pucCommand1                              0x0000307f   Data           2  rit128x96x4.o(.constdata)
    .constdata                               0x00003084   Section      104  interrupt.o(.constdata)
    g_pulPriority                            0x00003084   Data          32  interrupt.o(.constdata)
    g_pulRegs                                0x000030a4   Data          72  interrupt.o(.constdata)
    .constdata                               0x000030ec   Section      156  sysctl.o(.constdata)
    g_pulDCRegs                              0x000030ec   Data          16  sysctl.o(.constdata)
    g_pulSRCRRegs                            0x000030fc   Data          12  sysctl.o(.constdata)
    g_pulRCGCRegs                            0x00003108   Data          12  sysctl.o(.constdata)
    g_pulSCGCRegs                            0x00003114   Data          12  sysctl.o(.constdata)
    g_pulDCGCRegs                            0x00003120   Data          12  sysctl.o(.constdata)
    g_pulXtals                               0x0000312c   Data          92  sysctl.o(.constdata)
    .data                                    0x20000000   Section       82  user.o(.data)
    n                                        0x2000000c   Data           4  user.o(.data)
    LastTime                                 0x20000010   Data           4  user.o(.data)
    .data                                    0x20000054   Section       52  os.o(.data)
    .data                                    0x20000088   Section        8  adc.o(.data)
    .data                                    0x20000090   Section       16  uart2.o(.data)
    .data                                    0x200000a0   Section       12  rit128x96x4.o(.data)
    g_ulSSIFlags                             0x200000a0   Data           4  rit128x96x4.o(.data)
    g_pucBuffer                              0x200000a4   Data           8  rit128x96x4.o(.data)
    .data                                    0x200000ac   Section        6  output.o(.data)
    CursorX                                  0x200000ac   Data           2  output.o(.data)
    CursorY                                  0x200000ae   Data           2  output.o(.data)
    Color                                    0x200000b0   Data           1  output.o(.data)
    Status                                   0x200000b1   Data           1  output.o(.data)
    .data                                    0x200000b4   Section        4  debug.o(.data)
    .bss                                     0x200000b8   Section      792  user.o(.bss)
    x                                        0x200001b8   Data          12  user.o(.bss)
    y                                        0x200001c4   Data          12  user.o(.bss)
    .bss                                     0x200003d0   Section     2132  os.o(.bss)
    OS_Fifo                                  0x200003d0   Data          32  os.o(.bss)
    .bss                                     0x20000c24   Section       32  adc.o(.bss)
    .bss                                     0x20000c44   Section       32  uart2.o(.bss)
    RxFifo                                   0x20000c44   Data          16  uart2.o(.bss)
    TxFifo                                   0x20000c54   Data          16  uart2.o(.bss)
    .bss                                     0x20000c64   Section      504  output.o(.bss)
    CharBuffer                               0x20000c64   Data         252  output.o(.bss)
    ColorBuffer                              0x20000d60   Data         252  output.o(.bss)
    .bss                                     0x20000e5c   Section      500  debug.o(.bss)
    STACK                                    0x20001050   Section     1024  startuplab2.o(STACK)
    StackMem                                 0x20001050   Data           0  startuplab2.o(STACK)

    Global Symbols

    Symbol Name                              Value     Ov Type        Size  Object(Section)

    BuildAttributes$$THM_ISAv4$P$D$K$B$S$PE$A:L22UL41UL21$X:L11$S22US41US21$IEEE1$IW$USESV6$~STKCKD$USESV7$~SHL$OTIME$ROPI$EBA8$MICROLIB$REQ8$PRES8$EABIv2 0x00000000   Number         0  anon$$obj.o ABSOLUTE
    __ARM_use_no_argv                        0x00000000   Number         0  user.o ABSOLUTE
    __Vectors                                0x00000000   Data           0  startuplab2.o(RESET)
    _printf_a                                0x00000000   Number         0  stubs.o ABSOLUTE
    _printf_c                                0x00000000   Number         0  stubs.o ABSOLUTE
    _printf_charcount                        0x00000000   Number         0  stubs.o ABSOLUTE
    _printf_d                                0x00000000   Number         0  stubs.o ABSOLUTE
    _printf_e                                0x00000000   Number         0  stubs.o ABSOLUTE
    _printf_f                                0x00000000   Number         0  stubs.o ABSOLUTE
    _printf_flags                            0x00000000   Number         0  stubs.o ABSOLUTE
    _printf_fp_dec                           0x00000000   Number         0  stubs.o ABSOLUTE
    _printf_fp_hex                           0x00000000   Number         0  stubs.o ABSOLUTE
    _printf_g                                0x00000000   Number         0  stubs.o ABSOLUTE
    _printf_i                                0x00000000   Number         0  stubs.o ABSOLUTE
    _printf_int_dec                          0x00000000   Number         0  stubs.o ABSOLUTE
    _printf_l                                0x00000000   Number         0  stubs.o ABSOLUTE
    _printf_lc                               0x00000000   Number         0  stubs.o ABSOLUTE
    _printf_ll                               0x00000000   Number         0  stubs.o ABSOLUTE
    _printf_lld                              0x00000000   Number         0  stubs.o ABSOLUTE
    _printf_lli                              0x00000000   Number         0  stubs.o ABSOLUTE
    _printf_llo                              0x00000000   Number         0  stubs.o ABSOLUTE
    _printf_llu                              0x00000000   Number         0  stubs.o ABSOLUTE
    _printf_llx                              0x00000000   Number         0  stubs.o ABSOLUTE
    _printf_longlong_dec                     0x00000000   Number         0  stubs.o ABSOLUTE
    _printf_longlong_hex                     0x00000000   Number         0  stubs.o ABSOLUTE
    _printf_longlong_oct                     0x00000000   Number         0  stubs.o ABSOLUTE
    _printf_ls                               0x00000000   Number         0  stubs.o ABSOLUTE
    _printf_mbtowc                           0x00000000   Number         0  stubs.o ABSOLUTE
    _printf_n                                0x00000000   Number         0  stubs.o ABSOLUTE
    _printf_o                                0x00000000   Number         0  stubs.o ABSOLUTE
    _printf_p                                0x00000000   Number         0  stubs.o ABSOLUTE
    _printf_percent                          0x00000000   Number         0  stubs.o ABSOLUTE
    _printf_pre_padding                      0x00000000   Number         0  stubs.o ABSOLUTE
    _printf_return_value                     0x00000000   Number         0  stubs.o ABSOLUTE
    _printf_s                                0x00000000   Number         0  stubs.o ABSOLUTE
    _printf_sizespec                         0x00000000   Number         0  stubs.o ABSOLUTE
    _printf_str                              0x00000000   Number         0  stubs.o ABSOLUTE
    _printf_truncate_signed                  0x00000000   Number         0  stubs.o ABSOLUTE
    _printf_truncate_unsigned                0x00000000   Number         0  stubs.o ABSOLUTE
    _printf_u                                0x00000000   Number         0  stubs.o ABSOLUTE
    _printf_wc                               0x00000000   Number         0  stubs.o ABSOLUTE
    _printf_wctomb                           0x00000000   Number         0  stubs.o ABSOLUTE
    _printf_widthprec                        0x00000000   Number         0  stubs.o ABSOLUTE
    _printf_x                                0x00000000   Number         0  stubs.o ABSOLUTE
    __decompress                              - Undefined Weak Reference
    _clock_init                               - Undefined Weak Reference
    Reset_Handler                            0x00000101   Thumb Code     0  startuplab2.o(RESET)
    NMI_Handler                              0x00000105   Thumb Code     2  startuplab2.o(RESET)
    HardFault_Handler                        0x00000107   Thumb Code     2  startuplab2.o(RESET)
    MemManage_Handler                        0x00000109   Thumb Code     2  startuplab2.o(RESET)
    BusFault_Handler                         0x0000010b   Thumb Code     2  startuplab2.o(RESET)
    UsageFault_Handler                       0x0000010d   Thumb Code     2  startuplab2.o(RESET)
    SVC_Handler                              0x0000010f   Thumb Code     2  startuplab2.o(RESET)
    DebugMon_Handler                         0x00000111   Thumb Code     2  startuplab2.o(RESET)
    PendSV_Handler                           0x00000113   Thumb Code     2  startuplab2.o(RESET)
    ADC1_Handler                             0x00000117   Thumb Code     0  startuplab2.o(RESET)
    ADC2_Handler                             0x00000117   Thumb Code     0  startuplab2.o(RESET)
    ADC3_Handler                             0x00000117   Thumb Code     0  startuplab2.o(RESET)
    CAN0_Handler                             0x00000117   Thumb Code     0  startuplab2.o(RESET)
    CAN1_Handler                             0x00000117   Thumb Code     0  startuplab2.o(RESET)
    CAN2_Handler                             0x00000117   Thumb Code     0  startuplab2.o(RESET)
    Comp0_Handler                            0x00000117   Thumb Code     0  startuplab2.o(RESET)
    Comp1_Handler                            0x00000117   Thumb Code     0  startuplab2.o(RESET)
    Comp2_Handler                            0x00000117   Thumb Code     0  startuplab2.o(RESET)
    Ethernet_Handler                         0x00000117   Thumb Code     0  startuplab2.o(RESET)
    FlashCtl_Handler                         0x00000117   Thumb Code     0  startuplab2.o(RESET)
    GPIOPortA_Handler                        0x00000117   Thumb Code     0  startuplab2.o(RESET)
    GPIOPortB_Handler                        0x00000117   Thumb Code     0  startuplab2.o(RESET)
    GPIOPortC_Handler                        0x00000117   Thumb Code     0  startuplab2.o(RESET)
    GPIOPortD_Handler                        0x00000117   Thumb Code     0  startuplab2.o(RESET)
    GPIOPortE_Handler                        0x00000117   Thumb Code     0  startuplab2.o(RESET)
    GPIOPortG_Handler                        0x00000117   Thumb Code     0  startuplab2.o(RESET)
    GPIOPortH_Handler                        0x00000117   Thumb Code     0  startuplab2.o(RESET)
    Hibernate_Handler                        0x00000117   Thumb Code     0  startuplab2.o(RESET)
    I2C0_Handler                             0x00000117   Thumb Code     0  startuplab2.o(RESET)
    I2C1_Handler                             0x00000117   Thumb Code     0  startuplab2.o(RESET)
    PWM0_Handler                             0x00000117   Thumb Code     0  startuplab2.o(RESET)
    PWM1_Handler                             0x00000117   Thumb Code     0  startuplab2.o(RESET)
    PWM2_Handler                             0x00000117   Thumb Code     0  startuplab2.o(RESET)
    PWM3_Handler                             0x00000117   Thumb Code     0  startuplab2.o(RESET)
    PWMFault_Handler                         0x00000117   Thumb Code     0  startuplab2.o(RESET)
    Quadrature0_Handler                      0x00000117   Thumb Code     0  startuplab2.o(RESET)
    Quadrature1_Handler                      0x00000117   Thumb Code     0  startuplab2.o(RESET)
    SSI0_Handler                             0x00000117   Thumb Code     0  startuplab2.o(RESET)
    SSI1_Handler                             0x00000117   Thumb Code     0  startuplab2.o(RESET)
    SysCtl_Handler                           0x00000117   Thumb Code     0  startuplab2.o(RESET)
    Timer0A_Handler                          0x00000117   Thumb Code     0  startuplab2.o(RESET)
    Timer0B_Handler                          0x00000117   Thumb Code     0  startuplab2.o(RESET)
    Timer1A_Handler                          0x00000117   Thumb Code     0  startuplab2.o(RESET)
    Timer1B_Handler                          0x00000117   Thumb Code     0  startuplab2.o(RESET)
    Timer2B_Handler                          0x00000117   Thumb Code     0  startuplab2.o(RESET)
    Timer3B_Handler                          0x00000117   Thumb Code     0  startuplab2.o(RESET)
    UART1_Handler                            0x00000117   Thumb Code     0  startuplab2.o(RESET)
    UART2_Handler                            0x00000117   Thumb Code     0  startuplab2.o(RESET)
    USB0_Handler                             0x00000117   Thumb Code     0  startuplab2.o(RESET)
    WDT_Handler                              0x00000117   Thumb Code     0  startuplab2.o(RESET)
    uDMA_Error                               0x00000117   Thumb Code     0  startuplab2.o(RESET)
    uDMA_Handler                             0x00000117   Thumb Code     0  startuplab2.o(RESET)
    __main                                   0x00000119   Thumb Code     0  entry.o(.ARM.Collect$$$$00000000)
    _main_stk                                0x00000119   Thumb Code     0  entry2.o(.ARM.Collect$$$$00000001)
    _main_scatterload                        0x0000011d   Thumb Code     0  entry5.o(.ARM.Collect$$$$00000004)
    __main_after_scatterload                 0x00000121   Thumb Code     0  entry5.o(.ARM.Collect$$$$00000004)
    _main_clock                              0x00000121   Thumb Code     0  entry7b.o(.ARM.Collect$$$$00000008)
    _main_init                               0x00000121   Thumb Code     0  entry8.o(.ARM.Collect$$$$00000009)
    SysCtlDelay                              0x0000012d   Thumb Code     6  sysctl.o(.emb_text)
    Filter                                   0x00000135   Thumb Code   188  user.o(.text)
    DAS                                      0x000001f1   Thumb Code   160  user.o(.text)
    ButtonWork                               0x00000291   Thumb Code   112  user.o(.text)
    ButtonPush                               0x00000301   Thumb Code    54  user.o(.text)
    Producer                                 0x00000337   Thumb Code    60  user.o(.text)
    Display                                  0x00000373   Thumb Code   120  user.o(.text)
    Consumer                                 0x000003eb   Thumb Code   128  user.o(.text)
    PID                                      0x0000046b   Thumb Code   120  user.o(.text)
    Interpreter                              0x000004e3   Thumb Code   440  user.o(.text)
    main                                     0x0000069b   Thumb Code   348  user.o(.text)
    OS_DisableInterrupts                     0x000008dd   Thumb Code     0  osasm.o(.text)
    OS_EnableInterrupts                      0x000008e1   Thumb Code     0  osasm.o(.text)
    StartCritical                            0x000008e5   Thumb Code     0  osasm.o(.text)
    EndCritical                              0x000008ed   Thumb Code     0  osasm.o(.text)
    SysTick_Handler                          0x000008f3   Thumb Code     0  osasm.o(.text)
    StartOS                                  0x00000911   Thumb Code     0  osasm.o(.text)
    OS_Init                                  0x00000935   Thumb Code    40  os.o(.text)
    SetInitialStack                          0x0000095d   Thumb Code   328  os.o(.text)
    OS_AddThreads                            0x00000aa5   Thumb Code    86  os.o(.text)
    OS_Launch                                0x00000afb   Thumb Code    28  os.o(.text)
    OS_AddPeriodicThread                     0x00000b17   Thumb Code   198  os.o(.text)
    Timer2A_Handler                          0x00000bdd   Thumb Code    34  os.o(.text)
    OS_Timer3AInit                           0x00000bff   Thumb Code   130  os.o(.text)
    Timer3A_Handler                          0x00000c81   Thumb Code    18  os.o(.text)
    OS_ClearMsTime                           0x00000c93   Thumb Code     2  os.o(.text)
    OS_AddFirstThread                        0x00000c95   Thumb Code    42  os.o(.text)
    Connect_Pointers                         0x00000cbf   Thumb Code   170  os.o(.text)
    OS_AddThread                             0x00000d69   Thumb Code   142  os.o(.text)
    OS_Suspend                               0x00000df7   Thumb Code    18  os.o(.text)
    OS_InitSemaphore                         0x00000e09   Thumb Code     4  os.o(.text)
    OS_Wait                                  0x00000e0d   Thumb Code    40  os.o(.text)
    OS_bWait                                 0x00000e35   Thumb Code    38  os.o(.text)
    OS_bSignal                               0x00000e5b   Thumb Code    22  os.o(.text)
    OS_AddButtonTask                         0x00000e71   Thumb Code   192  os.o(.text)
    GPIOPortF_Handler                        0x00000f31   Thumb Code    28  os.o(.text)
    OS_Signal                                0x00000f4d   Thumb Code    24  os.o(.text)
    OS_Id                                    0x00000f65   Thumb Code     4  os.o(.text)
    OS_Sleep                                 0x00000f69   Thumb Code    16  os.o(.text)
    Dec_SleepCounts                          0x00000f79   Thumb Code    50  os.o(.text)
    OS_Kill                                  0x00000fab   Thumb Code    32  os.o(.text)
    OS_Fifo_Init                             0x00000fcb   Thumb Code    46  os.o(.text)
    OS_Fifo_Put                              0x00000ff9   Thumb Code    52  os.o(.text)
    OS_Fifo_Get                              0x0000102d   Thumb Code    74  os.o(.text)
    OS_Fifo_Size                             0x00001077   Thumb Code     6  os.o(.text)
    OS_MailBox_Init                          0x0000107d   Thumb Code    28  os.o(.text)
    OS_MailBox_Send                          0x00001099   Thumb Code    22  os.o(.text)
    OS_MailBox_Recv                          0x000010af   Thumb Code    22  os.o(.text)
    OS_Time                                  0x000010c5   Thumb Code     8  os.o(.text)
    OS_TimeDifference                        0x000010cd   Thumb Code    18  os.o(.text)
    ADC_InitTimer0ATriggerSeq0               0x00001141   Thumb Code   124  adc.o(.text)
    ADC0_Handler                             0x000011bd   Thumb Code    52  adc.o(.text)
    ADC_Collect                              0x000011f1   Thumb Code    44  adc.o(.text)
    ADC_InitSWTriggerSeq3                    0x0000121d   Thumb Code    74  adc.o(.text)
    ADC_In                                   0x00001267   Thumb Code    82  adc.o(.text)
    PLL_Init                                 0x000012b9   Thumb Code   124  adc.o(.text)
    RxFifo_Init                              0x00001365   Thumb Code    26  uart2.o(.text)
    RxFifo_Put                               0x0000137f   Thumb Code    48  uart2.o(.text)
    RxFifo_Get                               0x000013af   Thumb Code    46  uart2.o(.text)
    RxFifo_Size                              0x000013dd   Thumb Code    14  uart2.o(.text)
    TxFifo_Init                              0x000013eb   Thumb Code    26  uart2.o(.text)
    TxFifo_Put                               0x00001405   Thumb Code    48  uart2.o(.text)
    TxFifo_Get                               0x00001435   Thumb Code    46  uart2.o(.text)
    TxFifo_Size                              0x00001463   Thumb Code    14  uart2.o(.text)
    UART_Init                                0x00001471   Thumb Code   168  uart2.o(.text)
    UART_OutChar                             0x0000153f   Thumb Code    46  uart2.o(.text)
    OutCRLF                                  0x0000156d   Thumb Code    16  uart2.o(.text)
    UART_InChar                              0x000015a1   Thumb Code    20  uart2.o(.text)
    UART0_Handler                            0x000015b5   Thumb Code    82  uart2.o(.text)
    UART_OutString                           0x00001607   Thumb Code    22  uart2.o(.text)
    UART_InUDec                              0x0000161d   Thumb Code    80  uart2.o(.text)
    UART_OutUDec                             0x0000166d   Thumb Code    42  uart2.o(.text)
    UART_InUHex                              0x00001697   Thumb Code   108  uart2.o(.text)
    UART_OutUHex                             0x00001703   Thumb Code    52  uart2.o(.text)
    UART_InString                            0x00001737   Thumb Code   114  uart2.o(.text)
    DisableInterrupts                        0x000017a9   Thumb Code     0  startuplab2.o(.text)
    EnableInterrupts                         0x000017ad   Thumb Code     0  startuplab2.o(.text)
    WaitForInterrupt                         0x000017b1   Thumb Code     0  startuplab2.o(.text)
    RIT128x96x4Clear                         0x000018b1   Thumb Code    64  rit128x96x4.o(.text)
    RIT128x96x4StringDraw                    0x000018f1   Thumb Code   218  rit128x96x4.o(.text)
    RIT128x96x4ImageDraw                     0x000019cb   Thumb Code   106  rit128x96x4.o(.text)
    RIT128x96x4Enable                        0x00001a35   Thumb Code    90  rit128x96x4.o(.text)
    RIT128x96x4Disable                       0x00001a8f   Thumb Code    84  rit128x96x4.o(.text)
    RIT128x96x4Init                          0x00001ae3   Thumb Code   150  rit128x96x4.o(.text)
    RIT128x96x4DisplayOn                     0x00001b79   Thumb Code    80  rit128x96x4.o(.text)
    RIT128x96x4DisplayOff                    0x00001bc9   Thumb Code    12  rit128x96x4.o(.text)
    oLED_Message                             0x00001bd5   Thumb Code   110  rit128x96x4.o(.text)
    cr4_fft_64_stm32                         0x00001c65   Thumb Code     0  cr4_fft_64_stm32.o(.text)
    PID_stm32                                0x00001f35   Thumb Code     0  pid_stm32.o(.text)
    shiftEverythingUp                        0x00001f7d   Thumb Code   186  output.o(.text)
    fputc                                    0x00002037   Thumb Code   562  output.o(.text)
    fgetc                                    0x00002269   Thumb Code     6  output.o(.text)
    ferror                                   0x0000226f   Thumb Code     8  output.o(.text)
    Output_Init                              0x00002277   Thumb Code    82  output.o(.text)
    Output_Clear                             0x000022c9   Thumb Code    68  output.o(.text)
    Output_Off                               0x0000230d   Thumb Code    14  output.o(.text)
    Output_On                                0x0000231b   Thumb Code    14  output.o(.text)
    Output_Color                             0x00002329   Thumb Code    18  output.o(.text)
    Debug_Profile                            0x00002359   Thumb Code    44  debug.o(.text)
    __aeabi_memcpy                           0x00002391   Thumb Code    36  memcpya.o(.text)
    __aeabi_memcpy4                          0x00002391   Thumb Code     0  memcpya.o(.text)
    __aeabi_memcpy8                          0x00002391   Thumb Code     0  memcpya.o(.text)
    strcat                                   0x000023b5   Thumb Code    28  strcat.o(.text)
    strcpy                                   0x000023d1   Thumb Code    18  strcpy.o(.text)
    __aeabi_uldivmod                         0x000023e3   Thumb Code    98  uldiv.o(.text)
    __scatterload                            0x00002445   Thumb Code    28  init.o(.text)
    __scatterload_rt2                        0x00002445   Thumb Code     0  init.o(.text)
    __aeabi_llsl                             0x00002469   Thumb Code    30  llshl.o(.text)
    _ll_shift_l                              0x00002469   Thumb Code     0  llshl.o(.text)
    __aeabi_llsr                             0x00002487   Thumb Code    32  llushr.o(.text)
    _ll_ushift_r                             0x00002487   Thumb Code     0  llushr.o(.text)
    ADCIntClear                              0x000024a7   Thumb Code    10  adc.o(i.ADCIntClear)
    ADCIntEnable                             0x000024b1   Thumb Code    16  adc.o(i.ADCIntEnable)
    ADCIntStatus                             0x000024c1   Thumb Code    52  adc.o(i.ADCIntStatus)
    ADCProcessorTrigger                      0x000024f5   Thumb Code    26  adc.o(i.ADCProcessorTrigger)
    ADCSequenceConfigure                     0x0000250f   Thumb Code    50  adc.o(i.ADCSequenceConfigure)
    ADCSequenceDataGet                       0x00002541   Thumb Code    36  adc.o(i.ADCSequenceDataGet)
    ADCSequenceEnable                        0x00002565   Thumb Code    14  adc.o(i.ADCSequenceEnable)
    ADCSequenceStepConfigure                 0x00002573   Thumb Code   110  adc.o(i.ADCSequenceStepConfigure)
    GPIODirModeSet                           0x000025e1   Thumb Code    40  gpio.o(i.GPIODirModeSet)
    GPIOPadConfigSet                         0x00002609   Thumb Code   176  gpio.o(i.GPIOPadConfigSet)
    GPIOPinTypeADC                           0x000026b9   Thumb Code    28  gpio.o(i.GPIOPinTypeADC)
    GPIOPinTypeGPIOOutput                    0x000026d5   Thumb Code    28  gpio.o(i.GPIOPinTypeGPIOOutput)
    GPIOPinTypeSSI                           0x000026f1   Thumb Code    28  gpio.o(i.GPIOPinTypeSSI)
    GPIOPinWrite                             0x0000270d   Thumb Code     6  gpio.o(i.GPIOPinWrite)
    IntEnable                                0x00002713   Thumb Code   104  interrupt.o(i.IntEnable)
    IntPrioritySet                           0x0000277d   Thumb Code    36  interrupt.o(i.IntPrioritySet)
    SSIBusy                                  0x000027a5   Thumb Code     8  ssi.o(i.SSIBusy)
    SSIConfigSetExpClk                       0x000027ad   Thumb Code    76  ssi.o(i.SSIConfigSetExpClk)
    SSIDataGetNonBlocking                    0x000027f9   Thumb Code    18  ssi.o(i.SSIDataGetNonBlocking)
    SSIDataPut                               0x0000280b   Thumb Code    12  ssi.o(i.SSIDataPut)
    SSIDisable                               0x00002817   Thumb Code    10  ssi.o(i.SSIDisable)
    SSIEnable                                0x00002821   Thumb Code    10  ssi.o(i.SSIEnable)
    SysCtlClockGet                           0x0000282d   Thumb Code   438  sysctl.o(i.SysCtlClockGet)
    SysCtlClockSet                           0x00002a11   Thumb Code   288  sysctl.o(i.SysCtlClockSet)
    SysCtlPeripheralEnable                   0x00002b49   Thumb Code    26  sysctl.o(i.SysCtlPeripheralEnable)
    TimerConfigure                           0x00002b69   Thumb Code    28  timer.o(i.TimerConfigure)
    TimerControlTrigger                      0x00002b85   Thumb Code    22  timer.o(i.TimerControlTrigger)
    TimerEnable                              0x00002b9b   Thumb Code    14  timer.o(i.TimerEnable)
    TimerLoadSet                             0x00002ba9   Thumb Code    18  timer.o(i.TimerLoadSet)
    TimerPrescaleSet                         0x00002bbb   Thumb Code    18  timer.o(i.TimerPrescaleSet)
    __0sprintf$4                             0x00002bcd   Thumb Code    34  printf4.o(i.__0sprintf$4)
    __1sprintf$4                             0x00002bcd   Thumb Code     0  printf4.o(i.__0sprintf$4)
    __2sprintf                               0x00002bcd   Thumb Code     0  printf4.o(i.__0sprintf$4)
    __scatterload_copy                       0x00002bf5   Thumb Code    14  handlers.o(i.__scatterload_copy)
    __scatterload_null                       0x00002c03   Thumb Code     2  handlers.o(i.__scatterload_null)
    __scatterload_zeroinit                   0x00002c05   Thumb Code    14  handlers.o(i.__scatterload_zeroinit)
    Region$$Table$$Base                      0x00003188   Number         0  anon$$obj.o(Region$$Table)
    Region$$Table$$Limit                     0x000031a8   Number         0  anon$$obj.o(Region$$Table)
    Debug                                    0x20000000   Data           2  user.o(.data)
    testcount                                0x20000004   Data           4  user.o(.data)
    testcount2                               0x20000008   Data           4  user.o(.data)
    NumCreated                               0x20000014   Data           4  user.o(.data)
    PIDWork                                  0x20000018   Data           4  user.o(.data)
    FilterWork                               0x2000001c   Data           4  user.o(.data)
    NumSamples                               0x20000020   Data           4  user.o(.data)
    DataLost                                 0x20000024   Data           4  user.o(.data)
    MaxJitter                                0x20000028   Data           4  user.o(.data)
    MinJitter                                0x2000002c   Data           4  user.o(.data)
    Count1                                   0x20000030   Data           4  user.o(.data)
    Count2                                   0x20000034   Data           4  user.o(.data)
    Count3                                   0x20000038   Data           4  user.o(.data)
    Count4                                   0x2000003c   Data           4  user.o(.data)
    Count5                                   0x20000040   Data           4  user.o(.data)
    DASoutput                                0x20000044   Data           2  user.o(.data)
    IntTerm                                  0x20000046   Data           2  user.o(.data)
    PrevError                                0x20000048   Data           2  user.o(.data)
    Coeff                                    0x2000004a   Data           6  user.o(.data)
    Actuator                                 0x20000050   Data           2  user.o(.data)
    MaxFifoSize                              0x20000054   Data           4  os.o(.data)
    Mail                                     0x20000058   Data           4  os.o(.data)
    RoomLeft                                 0x2000005c   Data           4  os.o(.data)
    CurrentSize                              0x20000060   Data           4  os.o(.data)
    mutex                                    0x20000064   Data           4  os.o(.data)
    Send                                     0x20000068   Data           4  os.o(.data)
    Ack                                      0x2000006c   Data           4  os.o(.data)
    GlobalCount                              0x20000070   Data           4  os.o(.data)
    OS_PutPt                                 0x20000074   Data           4  os.o(.data)
    OS_GetPt                                 0x20000078   Data           4  os.o(.data)
    PeriodicThreadTask                       0x2000007c   Data           4  os.o(.data)
    ButtonTask                               0x20000080   Data           4  os.o(.data)
    RunPt                                    0x20000084   Data           4  os.o(.data)
    ADCTask                                  0x20000088   Data           4  adc.o(.data)
    ulADC0_Value                             0x2000008c   Data           4  adc.o(.data)
    RxPutI                                   0x20000090   Data           4  uart2.o(.data)
    RxGetI                                   0x20000094   Data           4  uart2.o(.data)
    TxPutI                                   0x20000098   Data           4  uart2.o(.data)
    TxGetI                                   0x2000009c   Data           4  uart2.o(.data)
    n                                        0x200000b4   Data           4  debug.o(.data)
    JitterHistogram                          0x200000b8   Data         256  user.o(.bss)
    x                                        0x200001d0   Data         256  user.o(.bss)
    y                                        0x200002d0   Data         256  user.o(.bss)
    tcbs                                     0x200003f0   Data         100  os.o(.bss)
    Stacks                                   0x20000454   Data        2000  os.o(.bss)
    ADCvalue                                 0x20000c24   Data          32  adc.o(.bss)
    Debug_time                               0x20000e5c   Data         400  debug.o(.bss)
    Debug_place                              0x20000fec   Data         100  debug.o(.bss)
    __initial_sp                             0x20001450   Data           0  startuplab2.o(STACK)



==============================================================================

Memory Map of the image

  Image Entry point : 0x00000101

  Load Region LR_1 (Base: 0x00000000, Size: 0x00003260, Max: 0xffffffff, ABSOLUTE)

    Execution Region ER_RO (Base: 0x00000000, Size: 0x000031a8, Max: 0xffffffff, ABSOLUTE)

    Base Addr    Size         Type   Attr      Idx    E Section Name        Object

    0x00000000   0x00000118   Code   RO          118  * RESET               startuplab2.o
    0x00000118   0x00000000   Code   RO         1274  * .ARM.Collect$$$$00000000  mc_w.l(entry.o)
    0x00000118   0x00000004   Code   RO         1546    .ARM.Collect$$$$00000001  mc_w.l(entry2.o)
    0x0000011c   0x00000004   Code   RO         1549    .ARM.Collect$$$$00000004  mc_w.l(entry5.o)
    0x00000120   0x00000000   Code   RO         1551    .ARM.Collect$$$$00000008  mc_w.l(entry7b.o)
    0x00000120   0x00000008   Code   RO         1552    .ARM.Collect$$$$00000009  mc_w.l(entry8.o)
    0x00000128   0x00000004   Code   RO         1547    .ARM.Collect$$$$00002712  mc_w.l(entry2.o)
    0x0000012c   0x00000006   Code   RO          831    .emb_text           driverlib.lib(sysctl.o)
    0x00000132   0x00000002   PAD
    0x00000134   0x000007a8   Code   RO            1    .text               user.o
    0x000008dc   0x00000058   Code   RO           42    .text               osasm.o
    0x00000934   0x0000080c   Code   RO           46    .text               os.o
    0x00001140   0x00000224   Code   RO           63    .text               adc.o
    0x00001364   0x00000444   Code   RO           94    .text               uart2.o
    0x000017a8   0x0000000c   Code   RO          119    .text               startuplab2.o
    0x000017b4   0x000004b0   Code   RO          125    .text               rit128x96x4.o
    0x00001c64   0x000002ce   Code   RO          162    .text               cr4_fft_64_stm32.o
    0x00001f32   0x00000002   PAD
    0x00001f34   0x00000048   Code   RO          165    .text               pid_stm32.o
    0x00001f7c   0x000003dc   Code   RO          168    .text               output.o
    0x00002358   0x00000038   Code   RO          183    .text               debug.o
    0x00002390   0x00000024   Code   RO         1277    .text               mc_w.l(memcpya.o)
    0x000023b4   0x0000001c   Code   RO         1279    .text               mc_w.l(strcat.o)
    0x000023d0   0x00000012   Code   RO         1281    .text               mc_w.l(strcpy.o)
    0x000023e2   0x00000062   Code   RO         1556    .text               mc_w.l(uldiv.o)
    0x00002444   0x00000024   Code   RO         1569    .text               mc_w.l(init.o)
    0x00002468   0x0000001e   Code   RO         1571    .text               mc_w.l(llshl.o)
    0x00002486   0x00000020   Code   RO         1573    .text               mc_w.l(llushr.o)
    0x000024a6   0x0000000a   Code   RO          207    i.ADCIntClear       driverlib.lib(adc.o)
    0x000024b0   0x00000010   Code   RO          209    i.ADCIntEnable      driverlib.lib(adc.o)
    0x000024c0   0x00000034   Code   RO          211    i.ADCIntStatus      driverlib.lib(adc.o)
    0x000024f4   0x0000001a   Code   RO          215    i.ADCProcessorTrigger  driverlib.lib(adc.o)
    0x0000250e   0x00000032   Code   RO          218    i.ADCSequenceConfigure  driverlib.lib(adc.o)
    0x00002540   0x00000024   Code   RO          219    i.ADCSequenceDataGet  driverlib.lib(adc.o)
    0x00002564   0x0000000e   Code   RO          221    i.ADCSequenceEnable  driverlib.lib(adc.o)
    0x00002572   0x0000006e   Code   RO          224    i.ADCSequenceStepConfigure  driverlib.lib(adc.o)
    0x000025e0   0x00000028   Code   RO          415    i.GPIODirModeSet    driverlib.lib(gpio.o)
    0x00002608   0x000000b0   Code   RO          420    i.GPIOPadConfigSet  driverlib.lib(gpio.o)
    0x000026b8   0x0000001c   Code   RO          427    i.GPIOPinTypeADC    driverlib.lib(gpio.o)
    0x000026d4   0x0000001c   Code   RO          433    i.GPIOPinTypeGPIOOutput  driverlib.lib(gpio.o)
    0x000026f0   0x0000001c   Code   RO          439    i.GPIOPinTypeSSI    driverlib.lib(gpio.o)
    0x0000270c   0x00000006   Code   RO          444    i.GPIOPinWrite      driverlib.lib(gpio.o)
    0x00002712   0x00000068   Code   RO          630    i.IntEnable         driverlib.lib(interrupt.o)
    0x0000277a   0x00000002   PAD
    0x0000277c   0x00000028   Code   RO          638    i.IntPrioritySet    driverlib.lib(interrupt.o)
    0x000027a4   0x00000008   Code   RO          720    i.SSIBusy           driverlib.lib(ssi.o)
    0x000027ac   0x0000004c   Code   RO          721    i.SSIConfigSetExpClk  driverlib.lib(ssi.o)
    0x000027f8   0x00000012   Code   RO          725    i.SSIDataGetNonBlocking  driverlib.lib(ssi.o)
    0x0000280a   0x0000000c   Code   RO          726    i.SSIDataPut        driverlib.lib(ssi.o)
    0x00002816   0x0000000a   Code   RO          728    i.SSIDisable        driverlib.lib(ssi.o)
    0x00002820   0x0000000a   Code   RO          729    i.SSIEnable         driverlib.lib(ssi.o)
    0x0000282a   0x00000002   PAD
    0x0000282c   0x000001e4   Code   RO          836    i.SysCtlClockGet    driverlib.lib(sysctl.o)
    0x00002a10   0x00000138   Code   RO          837    i.SysCtlClockSet    driverlib.lib(sysctl.o)
    0x00002b48   0x00000020   Code   RO          861    i.SysCtlPeripheralEnable  driverlib.lib(sysctl.o)
    0x00002b68   0x0000001c   Code   RO         1096    i.TimerConfigure    driverlib.lib(timer.o)
    0x00002b84   0x00000016   Code   RO         1100    i.TimerControlTrigger  driverlib.lib(timer.o)
    0x00002b9a   0x0000000e   Code   RO         1103    i.TimerEnable       driverlib.lib(timer.o)
    0x00002ba8   0x00000012   Code   RO         1111    i.TimerLoadSet      driverlib.lib(timer.o)
    0x00002bba   0x00000012   Code   RO         1117    i.TimerPrescaleSet  driverlib.lib(timer.o)
    0x00002bcc   0x00000028   Code   RO         1398    i.__0sprintf$4      mc_w.l(printf4.o)
    0x00002bf4   0x0000000e   Code   RO         1581    i.__scatterload_copy  mc_w.l(handlers.o)
    0x00002c02   0x00000002   Code   RO         1582    i.__scatterload_null  mc_w.l(handlers.o)
    0x00002c04   0x0000000e   Code   RO         1583    i.__scatterload_zeroinit  mc_w.l(handlers.o)
    0x00002c12   0x00000002   PAD
    0x00002c14   0x00000228   Code   RO         1403    i._printf_core      mc_w.l(printf4.o)
    0x00002e3c   0x0000000a   Code   RO         1405    i._sputc            mc_w.l(printf4.o)
    0x00002e46   0x0000023b   Data   RO          126    .constdata          rit128x96x4.o
    0x00003081   0x00000003   PAD
    0x00003084   0x00000068   Data   RO          641    .constdata          driverlib.lib(interrupt.o)
    0x000030ec   0x0000009c   Data   RO          874    .constdata          driverlib.lib(sysctl.o)
    0x00003188   0x00000020   Data   RO         1579    Region$$Table       anon$$obj.o


    Execution Region ER_RW (Base: 0x20000000, Size: 0x000000b8, Max: 0xffffffff, ABSOLUTE)

    Base Addr    Size         Type   Attr      Idx    E Section Name        Object

    0x20000000   0x00000052   Data   RW            4    .data               user.o
    0x20000052   0x00000002   PAD
    0x20000054   0x00000034   Data   RW           48    .data               os.o
    0x20000088   0x00000008   Data   RW           65    .data               adc.o
    0x20000090   0x00000010   Data   RW           96    .data               uart2.o
    0x200000a0   0x0000000c   Data   RW          127    .data               rit128x96x4.o
    0x200000ac   0x00000006   Data   RW          170    .data               output.o
    0x200000b2   0x00000002   PAD
    0x200000b4   0x00000004   Data   RW          185    .data               debug.o


    Execution Region ER_ZI (Base: 0x200000b8, Size: 0x00001398, Max: 0xffffffff, ABSOLUTE)

    Base Addr    Size         Type   Attr      Idx    E Section Name        Object

    0x200000b8   0x00000318   Zero   RW            2    .bss                user.o
    0x200003d0   0x00000854   Zero   RW           47    .bss                os.o
    0x20000c24   0x00000020   Zero   RW           64    .bss                adc.o
    0x20000c44   0x00000020   Zero   RW           95    .bss                uart2.o
    0x20000c64   0x000001f8   Zero   RW          169    .bss                output.o
    0x20000e5c   0x000001f4   Zero   RW          184    .bss                debug.o
    0x20001050   0x00000400   Zero   RW          116    STACK               startuplab2.o


==============================================================================

Image component sizes


      Code (inc. data)   RO Data    RW Data    ZI Data      Debug   Object Name

       548         48          0          8         32       3300   adc.o
       718        240          0          0          0        288   cr4_fft_64_stm32.o
        56         12          0          4        500       1063   debug.o
      2060        176          0         52       2132       9890   os.o
        88          4          0          0          0        284   osasm.o
       988         30          0          6        504       3018   output.o
        72          8          0          0          0        252   pid_stm32.o
      1200         78        571         12          0       6115   rit128x96x4.o
       292        256          0          0       1024        956   startuplab2.o
      1092         44          0         16         32       6480   uart2.o
      1960        458          0         82        792       6984   user.o

    ----------------------------------------------------------------------
      9076       1356        606        184       5016      38630   Object Totals
         0          0         32          0          0          0   (incl. Generated)
         2          2          3          4          0          0   (incl. Padding)

    ----------------------------------------------------------------------

      Code (inc. data)   RO Data    RW Data    ZI Data      Debug   Library Member Name

       314          0          0          0          0       6993   adc.o
       306          0          0          0          0       3905   gpio.o
       144          4        104          0          0       1705   interrupt.o
       134          0          0          0          0       3033   ssi.o
       834         76        156          0          0       3771   sysctl.o
       100          0          0          0          0       2447   timer.o
         0          0          0          0          0          0   entry.o
         8          4          0          0          0          0   entry2.o
         4          0          0          0          0          0   entry5.o
         0          0          0          0          0          0   entry7b.o
         8          4          0          0          0          0   entry8.o
        30          0          0          0          0          0   handlers.o
        36          8          0          0          0         68   init.o
        30          0          0          0          0         68   llshl.o
        32          0          0          0          0         68   llushr.o
        36          0          0          0          0         68   memcpya.o
       602         12          0          0          0        252   printf4.o
        28          0          0          0          0         68   strcat.o
        18          0          0          0          0         68   strcpy.o
        98          0          0          0          0         92   uldiv.o

    ----------------------------------------------------------------------
      2770        108        260          0          0      22606   Library Totals
         8          0          0          0          0          0   (incl. Padding)

    ----------------------------------------------------------------------

      Code (inc. data)   RO Data    RW Data    ZI Data      Debug   Library Name

      1832         80        260          0          0      21854   driverlib.lib
       930         28          0          0          0        752   mc_w.l

    ----------------------------------------------------------------------
      2770        108        260          0          0      22606   Library Totals

    ----------------------------------------------------------------------

==============================================================================


      Code (inc. data)   RO Data    RW Data    ZI Data      Debug   

     11846       1464        866        184       5016      58946   Grand Totals
     11846       1464        866        184       5016      58946   ELF Image Totals
     11846       1464        866        184          0          0   ROM Totals

==============================================================================

    Total RO  Size (Code + RO Data)                12712 (  12.41kB)
    Total RW  Size (RW Data + ZI Data)              5200 (   5.08kB)
    Total ROM Size (Code + RO Data + RW Data)      12896 (  12.59kB)

==============================================================================

